2026-09-07 10:03:25 | INFO    | Initializing YOLO...
2026-09-07 10:03:25 | INFO    | Loading YOLOv8 model: yolov8n.pt
2026-09-07 10:03:25 | INFO    | YOLO device: mps
2026-09-07 10:03:25 | INFO    | Initializing InsightFace...
2026-09-07 10:03:25 | INFO    | Loading InsightFace model pack: buffalo_s
2026-09-07 10:03:25 | INFO    | InsightFace providers: ['CoreMLExecutionProvider', 'CPUExecutionProvider']
2026-09-07 10:03:32 | INFO    | InsightFace model initialized successfully.
2026-09-07 10:03:32 | INFO    | Stakeholder gallery loaded: 64 identities
2026-09-07 10:03:32 | INFO    | ================================================
2026-09-07 10:03:32 | INFO    | Surveillance started
2026-09-07 10:03:32 | INFO    | Source: '/Users/dilliramchaudhary/sentinel/data/videos/VID_20260907_095751.mp4'
2026-09-07 10:03:32 | INFO    | Location: Laptop Webcam
2026-09-07 10:03:32 | INFO    | AI device: mps
2026-09-07 10:03:32 | INFO    | Frame processing interval: every 2 frame(s)
2026-09-07 10:03:32 | INFO    | Live frame output: 12.0 FPS
2026-09-07 10:03:32 | INFO    | ================================================
/Users/dilliramchaudhary/sentinel/.venv/lib/python3.13/site-packages/insightface/utils/face_align.py:23: FutureWarning: `estimate` is deprecated since version 0.26 and will be removed in version 2.2. Please use `SimilarityTransform.from_estimate` class constructor instead.
  tform.estimate(lmk, dst)
2026-09-07 10:03:36 | INFO    | VISIT | Umesh Shahi (Student) @ Laptop Webcam sim=0.494
2026-09-07 10:04:28 | INFO    | Initializing YOLO...
2026-09-07 10:04:28 | INFO    | Loading YOLOv8 model: yolov8n.pt
2026-09-07 10:04:28 | INFO    | YOLO device: mps
2026-09-07 10:04:28 | INFO    | Initializing InsightFace...
2026-09-07 10:04:28 | INFO    | Loading InsightFace model pack: buffalo_s
2026-09-07 10:04:28 | INFO    | InsightFace providers: ['CoreMLExecutionProvider', 'CPUExecutionProvider']
2026-09-07 10:04:35 | INFO    | InsightFace model initialized successfully.
2026-09-07 10:04:35 | INFO    | Stakeholder gallery loaded: 64 identities
2026-09-07 10:04:35 | INFO    | ================================================
2026-09-07 10:04:35 | INFO    | Surveillance started
2026-09-07 10:04:35 | INFO    | Source: '/Users/dilliramchaudhary/sentinel/data/videos/VID_20260907_095751.mp4'
2026-09-07 10:04:35 | INFO    | Location: Laptop Webcam
2026-09-07 10:04:35 | INFO    | AI device: mps
2026-09-07 10:04:35 | INFO    | Frame processing interval: every 2 frame(s)
2026-09-07 10:04:35 | INFO    | Live frame output: 12.0 FPS
2026-09-07 10:04:35 | INFO    | ================================================
/Users/dilliramchaudhary/sentinel/.venv/lib/python3.13/site-packages/insightface/utils/face_align.py:23: FutureWarning: `estimate` is deprecated since version 0.26 and will be removed in version 2.2. Please use `SimilarityTransform.from_estimate` class constructor instead.
  tform.estimate(lmk, dst)
2026-09-07 10:04:39 | INFO    | VISIT | Umesh Shahi (Student) @ Laptop Webcam sim=0.488
2026-09-07 10:20:13 | INFO    | Initializing YOLO...
2026-09-07 10:20:13 | INFO    | Loading YOLOv8 model: yolov8n.pt
2026-09-07 10:20:13 | INFO    | YOLO device: mps
2026-09-07 10:20:13 | INFO    | Initializing InsightFace...
2026-09-07 10:20:13 | INFO    | Loading InsightFace model pack: buffalo_s
2026-09-07 10:20:13 | INFO    | InsightFace providers: ['CoreMLExecutionProvider', 'CPUExecutionProvider']
2026-09-07 10:20:28 | INFO    | Initializing YOLO...
2026-09-07 10:20:28 | INFO    | Loading YOLOv8 model: yolov8n.pt
2026-09-07 10:20:28 | INFO    | YOLO device: mps
2026-09-07 10:20:28 | INFO    | Initializing InsightFace...
2026-09-07 10:20:28 | INFO    | Loading InsightFace model pack: buffalo_s
2026-09-07 10:20:28 | INFO    | InsightFace providers: ['CoreMLExecutionProvider', 'CPUExecutionProvider']
2026-09-07 10:20:39 | INFO    | InsightFace model initialized successfully.
2026-09-07 10:20:39 | INFO    | Stakeholder gallery loaded: 64 identities
2026-09-07 10:20:39 | INFO    | ================================================
2026-09-07 10:20:39 | INFO    | Surveillance started
2026-09-07 10:20:39 | INFO    | Source: '/Users/dilliramchaudhary/sentinel/data/videos/VID_20260907_095751.mp4'
2026-09-07 10:20:39 | INFO    | Location: Laptop Webcam
2026-09-07 10:20:39 | INFO    | AI device: mps
2026-09-07 10:20:39 | INFO    | Frame processing interval: every 2 frame(s)
2026-09-07 10:20:39 | INFO    | Live frame output: 12.0 FPS
2026-09-07 10:20:39 | INFO    | ================================================
/Users/dilliramchaudhary/sentinel/.venv/lib/python3.13/site-packages/insightface/utils/face_align.py:23: FutureWarning: `estimate` is deprecated since version 0.26 and will be removed in version 2.2. Please use `SimilarityTransform.from_estimate` class constructor instead.
  tform.estimate(lmk, dst)
2026-09-07 10:20:44 | WARNING | UNKNOWN person registered @ Laptop Webcam -> /Users/dilliramchaudhary/sentinel/data/unknown_faces/unknown_20260907_102044_754715.jpg
2026-09-07 10:20:44 | INFO    | VISIT | Umesh Shahi (Student) @ Laptop Webcam sim=0.455
2026-09-07 10:21:39 | INFO    | Stakeholder gallery loaded: 64 identities
2026-09-07 10:21:44 | INFO    | VISIT | Umesh Shahi (Student) @ Laptop Webcam sim=0.455
2026-09-07 10:22:39 | INFO    | Stakeholder gallery loaded: 64 identities
2026-09-07 10:22:44 | INFO    | VISIT | Umesh Shahi (Student) @ Laptop Webcam sim=0.455
2026-09-07 10:23:39 | INFO    | Stakeholder gallery loaded: 64 identities
2026-09-07 10:23:44 | INFO    | VISIT | Umesh Shahi (Student) @ Laptop Webcam sim=0.455
2026-09-07 10:24:39 | INFO    | Stakeholder gallery loaded: 64 identities
2026-09-07 10:24:45 | INFO    | VISIT | Umesh Shahi (Student) @ Laptop Webcam sim=0.455
2026-09-07 10:25:39 | INFO    | Stakeholder gallery loaded: 64 identities
2026-09-07 10:25:45 | INFO    | VISIT | Umesh Shahi (Student) @ Laptop Webcam sim=0.455
2026-09-07 10:26:39 | INFO    | Stakeholder gallery loaded: 64 identities
2026-09-07 10:26:45 | INFO    | VISIT | Umesh Shahi (Student) @ Laptop Webcam sim=0.455
2026-09-07 10:27:39 | INFO    | Stakeholder gallery loaded: 64 identities
2026-09-07 10:27:45 | INFO    | VISIT | Umesh Shahi (Student) @ Laptop Webcam sim=0.455
2026-09-07 10:28:39 | INFO    | Stakeholder gallery loaded: 64 identities
2026-09-07 10:28:45 | INFO    | VISIT | Umesh Shahi (Student) @ Laptop Webcam sim=0.455
2026-09-07 10:29:39 | INFO    | Stakeholder gallery loaded: 64 identities
2026-09-07 10:29:45 | INFO    | VISIT | Umesh Shahi (Student) @ Laptop Webcam sim=0.455
2026-09-07 10:30:39 | INFO    | Stakeholder gallery loaded: 64 identities
2026-09-07 10:30:45 | INFO    | VISIT | Umesh Shahi (Student) @ Laptop Webcam sim=0.455
2026-09-07 10:31:39 | INFO    | Stakeholder gallery loaded: 64 identities
2026-09-07 10:31:45 | INFO    | VISIT | Umesh Shahi (Student) @ Laptop Webcam sim=0.455
2026-09-07 10:32:39 | INFO    | Stakeholder gallery loaded: 64 identities
2026-09-07 10:32:45 | INFO    | VISIT | Umesh Shahi (Student) @ Laptop Webcam sim=0.455
2026-09-07 10:48:15 | INFO    | VISIT | Umesh Shahi (Student) @ Laptop Webcam sim=0.455
2026-09-07 10:48:15 | INFO    | Stakeholder gallery loaded: 64 identities
2026-09-07 11:30:01 | INFO    | VISIT | Umesh Shahi (Student) @ Laptop Webcam sim=0.455
2026-09-07 11:30:01 | INFO    | Stakeholder gallery loaded: 64 identities
2026-09-07 11:31:01 | INFO    | VISIT | Umesh Shahi (Student) @ Laptop Webcam sim=0.455
2026-09-07 11:31:01 | INFO    | Stakeholder gallery loaded: 64 identities
2026-09-07 11:48:02 | INFO    | VISIT | Umesh Shahi (Student) @ Laptop Webcam sim=0.455
2026-09-07 11:48:02 | INFO    | Stakeholder gallery loaded: 64 identities
2026-09-07 11:49:02 | INFO    | VISIT | Umesh Shahi (Student) @ Laptop Webcam sim=0.455
2026-09-07 11:49:02 | INFO    | Stakeholder gallery loaded: 64 identities
2026-09-07 11:53:13 | INFO    | VISIT | Umesh Shahi (Student) @ Laptop Webcam sim=0.455
2026-09-07 11:53:13 | INFO    | Stakeholder gallery loaded: 64 identities
2026-09-07 11:54:13 | INFO    | VISIT | Umesh Shahi (Student) @ Laptop Webcam sim=0.455
2026-09-07 11:54:13 | INFO    | Stakeholder gallery loaded: 64 identities
2026-09-07 11:58:46 | INFO    | VISIT | Umesh Shahi (Student) @ Laptop Webcam sim=0.455
2026-09-07 11:58:46 | INFO    | Stakeholder gallery loaded: 64 identities
[SYSTEM] AI device: mps
[SYSTEM] InsightFace providers: ['CoreMLExecutionProvider', 'CPUExecutionProvider']
Applied providers: ['CoreMLExecutionProvider', 'CPUExecutionProvider'], with options: {'CPUExecutionProvider': {}, 'CoreMLExecutionProvider': {}}
find model: /Users/dilliramchaudhary/.insightface/models/buffalo_s/1k3d68.onnx landmark_3d_68 ['None', 3, 192, 192] 0.0 1.0
Applied providers: ['CoreMLExecutionProvider', 'CPUExecutionProvider'], with options: {'CPUExecutionProvider': {}, 'CoreMLExecutionProvider': {}}
find model: /Users/dilliramchaudhary/.insightface/models/buffalo_s/2d106det.onnx landmark_2d_106 ['None', 3, 192, 192] 0.0 1.0
Applied providers: ['CoreMLExecutionProvider', 'CPUExecutionProvider'], with options: {'CPUExecutionProvider': {}, 'CoreMLExecutionProvider': {}}
find model: /Users/dilliramchaudhary/.insightface/models/buffalo_s/det_500m.onnx detection [1, 3, '?', '?'] 127.5 128.0
Applied providers: ['CoreMLExecutionProvider', 'CPUExecutionProvider'], with options: {'CPUExecutionProvider': {}, 'CoreMLExecutionProvider': {}}
find model: /Users/dilliramchaudhary/.insightface/models/buffalo_s/genderage.onnx genderage ['None', 3, 96, 96] 0.0 1.0
Applied providers: ['CoreMLExecutionProvider', 'CPUExecutionProvider'], with options: {'CPUExecutionProvider': {}, 'CoreMLExecutionProvider': {}}
find model: /Users/dilliramchaudhary/.insightface/models/buffalo_s/w600k_mbf.onnx recognition ['None', 3, 112, 112] 127.5 127.5
set det-size: (640, 640)
WARNING ⚠️ NMS time limit 2.050s exceeded
2026-09-07 11:59:46 | INFO    | VISIT | Umesh Shahi (Student) @ Laptop Webcam sim=0.455
2026-09-07 11:59:46 | INFO    | Stakeholder gallery loaded: 64 identities
2026-09-07 12:16:54 | INFO    | VISIT | Umesh Shahi (Student) @ Laptop Webcam sim=0.455
2026-09-07 12:16:54 | INFO    | Stakeholder gallery loaded: 64 identities
2026-09-07 12:20:14 | INFO    | VISIT | Umesh Shahi (Student) @ Laptop Webcam sim=0.455
2026-09-07 12:20:14 | INFO    | Stakeholder gallery loaded: 64 identities
2026-09-07 12:21:14 | INFO    | VISIT | Umesh Shahi (Student) @ Laptop Webcam sim=0.455
2026-09-07 12:21:14 | INFO    | Stakeholder gallery loaded: 64 identities
2026-09-07 12:22:14 | INFO    | VISIT | Umesh Shahi (Student) @ Laptop Webcam sim=0.455
2026-09-07 12:22:14 | INFO    | Stakeholder gallery loaded: 64 identities
2026-09-07 12:23:14 | INFO    | VISIT | Umesh Shahi (Student) @ Laptop Webcam sim=0.455
2026-09-07 12:23:14 | INFO    | Stakeholder gallery loaded: 64 identities
2026-09-07 12:24:14 | INFO    | VISIT | Umesh Shahi (Student) @ Laptop Webcam sim=0.455
2026-09-07 12:24:14 | INFO    | Stakeholder gallery loaded: 64 identities
2026-09-07 12:25:14 | INFO    | VISIT | Umesh Shahi (Student) @ Laptop Webcam sim=0.455
2026-09-07 12:25:14 | INFO    | Stakeholder gallery loaded: 64 identities
2026-09-07 12:26:14 | INFO    | VISIT | Umesh Shahi (Student) @ Laptop Webcam sim=0.455
2026-09-07 12:26:14 | INFO    | Stakeholder gallery loaded: 64 identities
2026-09-07 12:27:09 | INFO    | Initializing YOLO...
2026-09-07 12:27:09 | INFO    | Loading YOLOv8 model: yolov8n.pt
2026-09-07 12:27:09 | INFO    | YOLO device: mps
2026-09-07 12:27:09 | INFO    | Initializing InsightFace...
2026-09-07 12:27:09 | INFO    | Loading InsightFace model pack: buffalo_s
2026-09-07 12:27:09 | INFO    | InsightFace providers: ['CoreMLExecutionProvider', 'CPUExecutionProvider']
2026-09-07 12:27:14 | INFO    | VISIT | Umesh Shahi (Student) @ Laptop Webcam sim=0.455
2026-09-07 12:27:14 | INFO    | Stakeholder gallery loaded: 64 identities
2026-09-07 12:27:15 | INFO    | InsightFace model initialized successfully.
2026-09-07 12:27:15 | INFO    | Stakeholder gallery loaded: 64 identities
2026-09-07 12:27:15 | INFO    | ================================================
2026-09-07 12:27:15 | INFO    | Surveillance started
2026-09-07 12:27:15 | INFO    | Source: '/Users/dilliramchaudhary/sentinel/data/videos/VID_20260907_095751.mp4'
2026-09-07 12:27:15 | INFO    | Location: Laptop Webcam
2026-09-07 12:27:15 | INFO    | AI device: mps
2026-09-07 12:27:15 | INFO    | Frame processing interval: every 2 frame(s)
2026-09-07 12:27:15 | INFO    | Live frame output: 12.0 FPS
2026-09-07 12:27:15 | INFO    | ================================================
2026-09-07 12:27:15 | WARNING | Could not write latest frame: [Errno 2] No such file or directory: '/Users/dilliramchaudhary/sentinel/data/live/latest.jpg.tmp.jpg' -> '/Users/dilliramchaudhary/sentinel/data/live/latest.jpg'
/Users/dilliramchaudhary/sentinel/.venv/lib/python3.13/site-packages/insightface/utils/face_align.py:23: FutureWarning: `estimate` is deprecated since version 0.26 and will be removed in version 2.2. Please use `SimilarityTransform.from_estimate` class constructor instead.
  tform.estimate(lmk, dst)
2026-09-07 12:27:21 | INFO    | VISIT | Umesh Shahi (Student) @ Laptop Webcam sim=0.475
2026-09-07 12:27:21 | WARNING | Could not write latest frame: [Errno 2] No such file or directory: '/Users/dilliramchaudhary/sentinel/data/live/latest.jpg.tmp.jpg' -> '/Users/dilliramchaudhary/sentinel/data/live/latest.jpg'
2026-09-07 12:27:21 | WARNING | Could not write latest frame: [Errno 2] No such file or directory: '/Users/dilliramchaudhary/sentinel/data/live/latest.jpg.tmp.jpg' -> '/Users/dilliramchaudhary/sentinel/data/live/latest.jpg'
2026-09-07 12:27:22 | WARNING | Could not write latest frame: [Errno 2] No such file or directory: '/Users/dilliramchaudhary/sentinel/data/live/latest.jpg.tmp.jpg' -> '/Users/dilliramchaudhary/sentinel/data/live/latest.jpg'
2026-09-07 12:27:22 | WARNING | Could not write latest frame: [Errno 2] No such file or directory: '/Users/dilliramchaudhary/sentinel/data/live/latest.jpg.tmp.jpg' -> '/Users/dilliramchaudhary/sentinel/data/live/latest.jpg'
2026-09-07 12:27:22 | WARNING | Could not write latest frame: [Errno 2] No such file or directory: '/Users/dilliramchaudhary/sentinel/data/live/latest.jpg.tmp.jpg' -> '/Users/dilliramchaudhary/sentinel/data/live/latest.jpg'
2026-09-07 12:27:23 | WARNING | Could not write latest frame: [Errno 2] No such file or directory: '/Users/dilliramchaudhary/sentinel/data/live/latest.jpg.tmp.jpg' -> '/Users/dilliramchaudhary/sentinel/data/live/latest.jpg'
2026-09-07 12:27:23 | WARNING | Could not write latest frame: [Errno 2] No such file or directory: '/Users/dilliramchaudhary/sentinel/data/live/latest.jpg.tmp.jpg' -> '/Users/dilliramchaudhary/sentinel/data/live/latest.jpg'
2026-09-07 12:27:26 | WARNING | Could not write latest frame: [Errno 2] No such file or directory: '/Users/dilliramchaudhary/sentinel/data/live/latest.jpg.tmp.jpg' -> '/Users/dilliramchaudhary/sentinel/data/live/latest.jpg'
2026-09-07 12:27:29 | WARNING | Could not write latest frame: [Errno 2] No such file or directory: '/Users/dilliramchaudhary/sentinel/data/live/latest.jpg.tmp.jpg' -> '/Users/dilliramchaudhary/sentinel/data/live/latest.jpg'
2026-09-07 12:27:29 | WARNING | Could not write latest frame: [Errno 2] No such file or directory: '/Users/dilliramchaudhary/sentinel/data/live/latest.jpg.tmp.jpg' -> '/Users/dilliramchaudhary/sentinel/data/live/latest.jpg'
2026-09-07 12:27:29 | WARNING | Could not write latest frame: [Errno 2] No such file or directory: '/Users/dilliramchaudhary/sentinel/data/live/latest.jpg.tmp.jpg' -> '/Users/dilliramchaudhary/sentinel/data/live/latest.jpg'
2026-09-07 12:27:29 | WARNING | Could not write latest frame: [Errno 2] No such file or directory: '/Users/dilliramchaudhary/sentinel/data/live/latest.jpg.tmp.jpg' -> '/Users/dilliramchaudhary/sentinel/data/live/latest.jpg'
2026-09-07 12:27:29 | WARNING | Could not write latest frame: [Errno 2] No such file or directory: '/Users/dilliramchaudhary/sentinel/data/live/latest.jpg.tmp.jpg' -> '/Users/dilliramchaudhary/sentinel/data/live/latest.jpg'
2026-09-07 12:27:29 | WARNING | Could not write latest frame: [Errno 2] No such file or directory: '/Users/dilliramchaudhary/sentinel/data/live/latest.jpg.tmp.jpg' -> '/Users/dilliramchaudhary/sentinel/data/live/latest.jpg'
2026-09-07 12:27:30 | WARNING | Could not write latest frame: [Errno 2] No such file or directory: '/Users/dilliramchaudhary/sentinel/data/live/latest.jpg.tmp.jpg' -> '/Users/dilliramchaudhary/sentinel/data/live/latest.jpg'
2026-09-07 12:27:44 | INFO    | Initializing YOLO...
2026-09-07 12:27:44 | INFO    | Loading YOLOv8 model: yolov8n.pt
2026-09-07 12:27:44 | INFO    | YOLO device: mps
2026-09-07 12:27:44 | INFO    | Initializing InsightFace...
2026-09-07 12:27:44 | INFO    | Loading InsightFace model pack: buffalo_s
2026-09-07 12:27:44 | INFO    | InsightFace providers: ['CoreMLExecutionProvider', 'CPUExecutionProvider']
2026-09-07 12:27:49 | INFO    | InsightFace model initialized successfully.
2026-09-07 12:27:49 | INFO    | Stakeholder gallery loaded: 64 identities
2026-09-07 12:27:50 | INFO    | ================================================
2026-09-07 12:27:50 | INFO    | Surveillance started
2026-09-07 12:27:50 | INFO    | Source: '/Users/dilliramchaudhary/sentinel/data/videos/VID_20260907_095751.mp4'
2026-09-07 12:27:50 | INFO    | Location: Laptop Webcam
2026-09-07 12:27:50 | INFO    | AI device: mps
2026-09-07 12:27:50 | INFO    | Frame processing interval: every 2 frame(s)
2026-09-07 12:27:50 | INFO    | Live frame output: 12.0 FPS
2026-09-07 12:27:50 | INFO    | ================================================
/Users/dilliramchaudhary/sentinel/.venv/lib/python3.13/site-packages/insightface/utils/face_align.py:23: FutureWarning: `estimate` is deprecated since version 0.26 and will be removed in version 2.2. Please use `SimilarityTransform.from_estimate` class constructor instead.
  tform.estimate(lmk, dst)
2026-09-07 12:27:53 | INFO    | VISIT | Umesh Shahi (Student) @ Laptop Webcam sim=0.501
2026-09-07 12:27:55 | WARNING | Could not write latest frame: [Errno 2] No such file or directory: '/Users/dilliramchaudhary/sentinel/data/live/latest.jpg.tmp.jpg' -> '/Users/dilliramchaudhary/sentinel/data/live/latest.jpg'
2026-09-07 12:27:56 | WARNING | Could not write latest frame: [Errno 2] No such file or directory: '/Users/dilliramchaudhary/sentinel/data/live/latest.jpg.tmp.jpg' -> '/Users/dilliramchaudhary/sentinel/data/live/latest.jpg'
2026-09-07 12:27:56 | WARNING | Could not write latest frame: [Errno 2] No such file or directory: '/Users/dilliramchaudhary/sentinel/data/live/latest.jpg.tmp.jpg' -> '/Users/dilliramchaudhary/sentinel/data/live/latest.jpg'
2026-09-07 12:27:56 | WARNING | Could not write latest frame: [Errno 2] No such file or directory: '/Users/dilliramchaudhary/sentinel/data/live/latest.jpg.tmp.jpg' -> '/Users/dilliramchaudhary/sentinel/data/live/latest.jpg'
2026-09-07 12:27:56 | WARNING | Could not write latest frame: [Errno 2] No such file or directory: '/Users/dilliramchaudhary/sentinel/data/live/latest.jpg.tmp.jpg' -> '/Users/dilliramchaudhary/sentinel/data/live/latest.jpg'
2026-09-07 12:28:14 | INFO    | VISIT | Umesh Shahi (Student) @ Laptop Webcam sim=0.455
2026-09-07 12:28:14 | INFO    | Stakeholder gallery loaded: 64 identities
2026-09-07 12:28:25 | WARNING | Could not write latest frame: [Errno 2] No such file or directory: '/Users/dilliramchaudhary/sentinel/data/live/latest.jpg.tmp.jpg' -> '/Users/dilliramchaudhary/sentinel/data/live/latest.jpg'
2026-09-07 12:28:26 | WARNING | Could not write latest frame: [Errno 2] No such file or directory: '/Users/dilliramchaudhary/sentinel/data/live/latest.jpg.tmp.jpg' -> '/Users/dilliramchaudhary/sentinel/data/live/latest.jpg'
2026-09-07 12:28:26 | WARNING | Could not write latest frame: [Errno 2] No such file or directory: '/Users/dilliramchaudhary/sentinel/data/live/latest.jpg.tmp.jpg' -> '/Users/dilliramchaudhary/sentinel/data/live/latest.jpg'
2026-09-07 12:28:26 | WARNING | Could not write latest frame: [Errno 2] No such file or directory: '/Users/dilliramchaudhary/sentinel/data/live/latest.jpg.tmp.jpg' -> '/Users/dilliramchaudhary/sentinel/data/live/latest.jpg'
2026-09-07 12:28:26 | WARNING | Could not write latest frame: [Errno 2] No such file or directory: '/Users/dilliramchaudhary/sentinel/data/live/latest.jpg.tmp.jpg' -> '/Users/dilliramchaudhary/sentinel/data/live/latest.jpg'
2026-09-07 12:28:26 | WARNING | Could not write latest frame: [Errno 2] No such file or directory: '/Users/dilliramchaudhary/sentinel/data/live/latest.jpg.tmp.jpg' -> '/Users/dilliramchaudhary/sentinel/data/live/latest.jpg'
2026-09-07 12:28:26 | WARNING | Could not write latest frame: [Errno 2] No such file or directory: '/Users/dilliramchaudhary/sentinel/data/live/latest.jpg.tmp.jpg' -> '/Users/dilliramchaudhary/sentinel/data/live/latest.jpg'
2026-09-07 12:28:26 | WARNING | Could not write latest frame: [Errno 2] No such file or directory: '/Users/dilliramchaudhary/sentinel/data/live/latest.jpg.tmp.jpg' -> '/Users/dilliramchaudhary/sentinel/data/live/latest.jpg'
2026-09-07 12:28:27 | WARNING | Could not write latest frame: [Errno 2] No such file or directory: '/Users/dilliramchaudhary/sentinel/data/live/latest.jpg.tmp.jpg' -> '/Users/dilliramchaudhary/sentinel/data/live/latest.jpg'
2026-09-07 12:28:27 | WARNING | Could not write latest frame: [Errno 2] No such file or directory: '/Users/dilliramchaudhary/sentinel/data/live/latest.jpg.tmp.jpg' -> '/Users/dilliramchaudhary/sentinel/data/live/latest.jpg'
2026-09-07 12:28:27 | WARNING | Could not write latest frame: [Errno 2] No such file or directory: '/Users/dilliramchaudhary/sentinel/data/live/latest.jpg.tmp.jpg' -> '/Users/dilliramchaudhary/sentinel/data/live/latest.jpg'
2026-09-07 12:28:27 | WARNING | Could not write latest frame: [Errno 2] No such file or directory: '/Users/dilliramchaudhary/sentinel/data/live/latest.jpg.tmp.jpg' -> '/Users/dilliramchaudhary/sentinel/data/live/latest.jpg'
2026-09-07 12:28:27 | WARNING | Could not write latest frame: [Errno 2] No such file or directory: '/Users/dilliramchaudhary/sentinel/data/live/latest.jpg.tmp.jpg' -> '/Users/dilliramchaudhary/sentinel/data/live/latest.jpg'
2026-09-07 12:28:27 | WARNING | Could not write latest frame: [Errno 2] No such file or directory: '/Users/dilliramchaudhary/sentinel/data/live/latest.jpg.tmp.jpg' -> '/Users/dilliramchaudhary/sentinel/data/live/latest.jpg'
2026-09-07 12:28:27 | WARNING | Could not write latest frame: [Errno 2] No such file or directory: '/Users/dilliramchaudhary/sentinel/data/live/latest.jpg.tmp.jpg' -> '/Users/dilliramchaudhary/sentinel/data/live/latest.jpg'
2026-09-07 12:28:27 | WARNING | Could not write latest frame: [Errno 2] No such file or directory: '/Users/dilliramchaudhary/sentinel/data/live/latest.jpg.tmp.jpg' -> '/Users/dilliramchaudhary/sentinel/data/live/latest.jpg'
2026-09-07 12:28:28 | WARNING | Could not write latest frame: [Errno 2] No such file or directory: '/Users/dilliramchaudhary/sentinel/data/live/latest.jpg.tmp.jpg' -> '/Users/dilliramchaudhary/sentinel/data/live/latest.jpg'
2026-09-07 12:28:28 | WARNING | Could not write latest frame: [Errno 2] No such file or directory: '/Users/dilliramchaudhary/sentinel/data/live/latest.jpg.tmp.jpg' -> '/Users/dilliramchaudhary/sentinel/data/live/latest.jpg'
2026-09-07 12:28:28 | WARNING | Could not write latest frame: [Errno 2] No such file or directory: '/Users/dilliramchaudhary/sentinel/data/live/latest.jpg.tmp.jpg' -> '/Users/dilliramchaudhary/sentinel/data/live/latest.jpg'
2026-09-07 12:28:28 | WARNING | Could not write latest frame: [Errno 2] No such file or directory: '/Users/dilliramchaudhary/sentinel/data/live/latest.jpg.tmp.jpg' -> '/Users/dilliramchaudhary/sentinel/data/live/latest.jpg'
2026-09-07 12:28:28 | WARNING | Could not write latest frame: [Errno 2] No such file or directory: '/Users/dilliramchaudhary/sentinel/data/live/latest.jpg.tmp.jpg' -> '/Users/dilliramchaudhary/sentinel/data/live/latest.jpg'
2026-09-07 12:28:31 | WARNING | Could not write latest frame: [Errno 2] No such file or directory: '/Users/dilliramchaudhary/sentinel/data/live/latest.jpg.tmp.jpg' -> '/Users/dilliramchaudhary/sentinel/data/live/latest.jpg'
2026-09-07 12:28:31 | WARNING | Could not write latest frame: [Errno 2] No such file or directory: '/Users/dilliramchaudhary/sentinel/data/live/latest.jpg.tmp.jpg' -> '/Users/dilliramchaudhary/sentinel/data/live/latest.jpg'
2026-09-07 12:28:31 | WARNING | Could not write latest frame: [Errno 2] No such file or directory: '/Users/dilliramchaudhary/sentinel/data/live/latest.jpg.tmp.jpg' -> '/Users/dilliramchaudhary/sentinel/data/live/latest.jpg'
2026-09-07 12:28:37 | INFO    | Initializing YOLO...
2026-09-07 12:28:37 | INFO    | Loading YOLOv8 model: yolov8n.pt
2026-09-07 12:28:37 | INFO    | YOLO device: mps
2026-09-07 12:28:37 | INFO    | Initializing InsightFace...
2026-09-07 12:28:37 | INFO    | Loading InsightFace model pack: buffalo_s
2026-09-07 12:28:37 | INFO    | InsightFace providers: ['CoreMLExecutionProvider', 'CPUExecutionProvider']
2026-09-07 12:28:42 | INFO    | InsightFace model initialized successfully.
2026-09-07 12:28:42 | INFO    | Stakeholder gallery loaded: 64 identities
2026-09-07 12:28:43 | INFO    | ================================================
2026-09-07 12:28:43 | INFO    | Surveillance started
2026-09-07 12:28:43 | INFO    | Source: '/Users/dilliramchaudhary/sentinel/data/videos/VID_20260907_095751.mp4'
2026-09-07 12:28:43 | INFO    | Location: Laptop Webcam
2026-09-07 12:28:43 | INFO    | AI device: mps
2026-09-07 12:28:43 | INFO    | Frame processing interval: every 2 frame(s)
2026-09-07 12:28:43 | INFO    | Live frame output: 12.0 FPS
2026-09-07 12:28:43 | INFO    | ================================================
2026-09-07 12:28:43 | INFO    | Surveillance interrupted.
2026-09-07 12:28:43 | INFO    | ================================================
2026-09-07 12:28:43 | INFO    | Surveillance stopped.
2026-09-07 12:28:43 | INFO    | Camera frames: 2
2026-09-07 12:28:43 | INFO    | AI frames: 0
2026-09-07 12:28:43 | INFO    | ================================================
[SYSTEM] AI device: mps
[SYSTEM] InsightFace providers: ['CoreMLExecutionProvider', 'CPUExecutionProvider']
Applied providers: ['CoreMLExecutionProvider', 'CPUExecutionProvider'], with options: {'CPUExecutionProvider': {}, 'CoreMLExecutionProvider': {}}
find model: /Users/dilliramchaudhary/.insightface/models/buffalo_s/1k3d68.onnx landmark_3d_68 ['None', 3, 192, 192] 0.0 1.0
Applied providers: ['CoreMLExecutionProvider', 'CPUExecutionProvider'], with options: {'CPUExecutionProvider': {}, 'CoreMLExecutionProvider': {}}
find model: /Users/dilliramchaudhary/.insightface/models/buffalo_s/2d106det.onnx landmark_2d_106 ['None', 3, 192, 192] 0.0 1.0
Applied providers: ['CoreMLExecutionProvider', 'CPUExecutionProvider'], with options: {'CPUExecutionProvider': {}, 'CoreMLExecutionProvider': {}}
find model: /Users/dilliramchaudhary/.insightface/models/buffalo_s/det_500m.onnx detection [1, 3, '?', '?'] 127.5 128.0
Applied providers: ['CoreMLExecutionProvider', 'CPUExecutionProvider'], with options: {'CPUExecutionProvider': {}, 'CoreMLExecutionProvider': {}}
find model: /Users/dilliramchaudhary/.insightface/models/buffalo_s/genderage.onnx genderage ['None', 3, 96, 96] 0.0 1.0
Applied providers: ['CoreMLExecutionProvider', 'CPUExecutionProvider'], with options: {'CPUExecutionProvider': {}, 'CoreMLExecutionProvider': {}}
find model: /Users/dilliramchaudhary/.insightface/models/buffalo_s/w600k_mbf.onnx recognition ['None', 3, 112, 112] 127.5 127.5
set det-size: (640, 640)
2026-09-07 12:28:54 | INFO    | Surveillance interrupted.
2026-09-07 12:28:54 | INFO    | ================================================
2026-09-07 12:28:54 | INFO    | Surveillance stopped.
2026-09-07 12:28:54 | INFO    | Camera frames: 61482
2026-09-07 12:28:54 | INFO    | AI frames: 30740
2026-09-07 12:28:54 | INFO    | ================================================
2026-09-07 12:47:24 | INFO    | Initializing YOLO...
2026-09-07 12:47:24 | INFO    | Loading YOLOv8 model: yolov8n.pt
2026-09-07 12:47:24 | INFO    | YOLO device: mps
2026-09-07 12:47:24 | INFO    | Initializing InsightFace...
2026-09-07 12:47:24 | INFO    | Loading InsightFace model pack: buffalo_s
2026-09-07 12:47:24 | INFO    | InsightFace providers: ['CoreMLExecutionProvider', 'CPUExecutionProvider']
2026-09-07 12:47:29 | INFO    | InsightFace model initialized successfully.
2026-09-07 12:47:29 | INFO    | Stakeholder gallery loaded: 64 identities
2026-09-07 12:47:29 | INFO    | ================================================
2026-09-07 12:47:29 | INFO    | Surveillance started
2026-09-07 12:47:29 | INFO    | Source: '/Users/dilliramchaudhary/sentinel/data/videos/VID_20260907_095751.mp4'
2026-09-07 12:47:29 | INFO    | Location: Laptop Webcam
2026-09-07 12:47:29 | INFO    | AI device: mps
2026-09-07 12:47:29 | INFO    | Frame processing interval: every 2 frame(s)
2026-09-07 12:47:29 | INFO    | Live frame output: 12.0 FPS
2026-09-07 12:47:29 | INFO    | ================================================
/Users/dilliramchaudhary/sentinel/.venv/lib/python3.13/site-packages/insightface/utils/face_align.py:23: FutureWarning: `estimate` is deprecated since version 0.26 and will be removed in version 2.2. Please use `SimilarityTransform.from_estimate` class constructor instead.
  tform.estimate(lmk, dst)
2026-09-07 12:47:31 | INFO    | VISIT | Umesh Shahi (Student) @ Laptop Webcam sim=0.470
2026-09-07 12:48:29 | INFO    | Stakeholder gallery loaded: 64 identities
2026-09-07 12:48:31 | INFO    | VISIT | Umesh Shahi (Student) @ Laptop Webcam sim=0.455
2026-09-07 12:49:29 | INFO    | Stakeholder gallery loaded: 64 identities
2026-09-07 12:49:31 | INFO    | VISIT | Umesh Shahi (Student) @ Laptop Webcam sim=0.455
2026-09-07 12:50:29 | INFO    | Stakeholder gallery loaded: 64 identities
2026-09-07 12:50:31 | INFO    | VISIT | Umesh Shahi (Student) @ Laptop Webcam sim=0.455
2026-09-07 12:51:29 | INFO    | Stakeholder gallery loaded: 64 identities
2026-09-07 12:51:31 | INFO    | VISIT | Umesh Shahi (Student) @ Laptop Webcam sim=0.455
2026-09-07 12:52:29 | INFO    | Stakeholder gallery loaded: 64 identities
2026-09-07 12:52:32 | INFO    | VISIT | Umesh Shahi (Student) @ Laptop Webcam sim=0.455
2026-09-07 12:53:29 | INFO    | Stakeholder gallery loaded: 64 identities
2026-09-07 12:53:32 | INFO    | VISIT | Umesh Shahi (Student) @ Laptop Webcam sim=0.455
2026-09-07 12:54:29 | INFO    | Stakeholder gallery loaded: 64 identities
2026-09-07 12:54:32 | INFO    | VISIT | Umesh Shahi (Student) @ Laptop Webcam sim=0.455
2026-09-07 12:55:29 | INFO    | Stakeholder gallery loaded: 64 identities
2026-09-07 12:55:32 | INFO    | VISIT | Umesh Shahi (Student) @ Laptop Webcam sim=0.455
2026-09-07 12:56:29 | INFO    | Stakeholder gallery loaded: 64 identities
2026-09-07 12:56:32 | INFO    | VISIT | Umesh Shahi (Student) @ Laptop Webcam sim=0.455
2026-09-07 12:57:29 | INFO    | Stakeholder gallery loaded: 64 identities
2026-09-07 12:57:32 | INFO    | VISIT | Umesh Shahi (Student) @ Laptop Webcam sim=0.455
2026-09-07 12:58:29 | INFO    | Stakeholder gallery loaded: 64 identities
2026-09-07 12:58:32 | INFO    | VISIT | Umesh Shahi (Student) @ Laptop Webcam sim=0.455
2026-09-07 12:59:29 | INFO    | Stakeholder gallery loaded: 64 identities
2026-09-07 12:59:32 | INFO    | VISIT | Umesh Shahi (Student) @ Laptop Webcam sim=0.455
2026-09-07 13:00:29 | INFO    | Stakeholder gallery loaded: 64 identities
2026-09-07 13:00:32 | INFO    | VISIT | Umesh Shahi (Student) @ Laptop Webcam sim=0.455
2026-09-07 13:01:29 | INFO    | Stakeholder gallery loaded: 64 identities
2026-09-07 13:01:32 | INFO    | VISIT | Umesh Shahi (Student) @ Laptop Webcam sim=0.455
2026-09-07 13:02:29 | INFO    | Stakeholder gallery loaded: 64 identities
2026-09-07 13:02:32 | INFO    | VISIT | Umesh Shahi (Student) @ Laptop Webcam sim=0.455
2026-09-07 13:03:29 | INFO    | Stakeholder gallery loaded: 64 identities
2026-09-07 13:03:32 | INFO    | VISIT | Umesh Shahi (Student) @ Laptop Webcam sim=0.455
2026-09-07 13:04:29 | INFO    | Stakeholder gallery loaded: 64 identities
2026-09-07 13:04:32 | INFO    | VISIT | Umesh Shahi (Student) @ Laptop Webcam sim=0.455
2026-09-07 13:05:29 | INFO    | Stakeholder gallery loaded: 64 identities
2026-09-07 13:05:32 | INFO    | VISIT | Umesh Shahi (Student) @ Laptop Webcam sim=0.455
2026-09-07 13:06:29 | INFO    | Stakeholder gallery loaded: 64 identities
2026-09-07 13:06:32 | INFO    | VISIT | Umesh Shahi (Student) @ Laptop Webcam sim=0.455
2026-09-07 13:07:29 | INFO    | Stakeholder gallery loaded: 64 identities
2026-09-07 13:07:32 | INFO    | VISIT | Umesh Shahi (Student) @ Laptop Webcam sim=0.455
2026-09-07 13:07:42 | INFO    | Surveillance interrupted.
2026-09-07 13:07:42 | INFO    | ================================================
2026-09-07 13:07:42 | INFO    | Surveillance stopped.
2026-09-07 13:07:42 | INFO    | Camera frames: 63512
2026-09-07 13:07:42 | INFO    | AI frames: 31755
2026-09-07 13:07:42 | INFO    | ================================================
[SYSTEM] AI device: mps
[SYSTEM] InsightFace providers: ['CoreMLExecutionProvider', 'CPUExecutionProvider']
Applied providers: ['CoreMLExecutionProvider', 'CPUExecutionProvider'], with options: {'CPUExecutionProvider': {}, 'CoreMLExecutionProvider': {}}
find model: /Users/dilliramchaudhary/.insightface/models/buffalo_s/1k3d68.onnx landmark_3d_68 ['None', 3, 192, 192] 0.0 1.0
Applied providers: ['CoreMLExecutionProvider', 'CPUExecutionProvider'], with options: {'CPUExecutionProvider': {}, 'CoreMLExecutionProvider': {}}
find model: /Users/dilliramchaudhary/.insightface/models/buffalo_s/2d106det.onnx landmark_2d_106 ['None', 3, 192, 192] 0.0 1.0
Applied providers: ['CoreMLExecutionProvider', 'CPUExecutionProvider'], with options: {'CPUExecutionProvider': {}, 'CoreMLExecutionProvider': {}}
find model: /Users/dilliramchaudhary/.insightface/models/buffalo_s/det_500m.onnx detection [1, 3, '?', '?'] 127.5 128.0
Applied providers: ['CoreMLExecutionProvider', 'CPUExecutionProvider'], with options: {'CPUExecutionProvider': {}, 'CoreMLExecutionProvider': {}}
find model: /Users/dilliramchaudhary/.insightface/models/buffalo_s/genderage.onnx genderage ['None', 3, 96, 96] 0.0 1.0
Applied providers: ['CoreMLExecutionProvider', 'CPUExecutionProvider'], with options: {'CPUExecutionProvider': {}, 'CoreMLExecutionProvider': {}}
find model: /Users/dilliramchaudhary/.insightface/models/buffalo_s/w600k_mbf.onnx recognition ['None', 3, 112, 112] 127.5 127.5
set det-size: (640, 640)
2026-09-17 22:26:42 | INFO    | Initializing YOLO...
2026-09-17 22:26:42 | INFO    | Loading YOLOv8 model: yolov8n.pt
2026-09-17 22:26:42 | INFO    | YOLO device: mps
2026-09-17 22:26:42 | INFO    | Initializing InsightFace...
2026-09-17 22:26:42 | INFO    | Loading InsightFace model pack: buffalo_s
2026-09-17 22:26:42 | INFO    | InsightFace providers: ['CoreMLExecutionProvider', 'CPUExecutionProvider']
2026-09-17 22:26:49 | INFO    | InsightFace model initialized successfully.
2026-09-17 22:26:49 | INFO    | Stakeholder gallery loaded: 64 identities
2026-09-17 22:26:49 | INFO    | ================================================
2026-09-17 22:26:49 | INFO    | Surveillance started
2026-09-17 22:26:49 | INFO    | Source: '/Users/dilliramchaudhary/sentinel/data/videos/VID_20260907_095751.mp4'
2026-09-17 22:26:49 | INFO    | Location: Laptop Webcam
2026-09-17 22:26:49 | INFO    | AI device: mps
2026-09-17 22:26:49 | INFO    | Frame processing interval: every 2 frame(s)
2026-09-17 22:26:49 | INFO    | Live frame output: 12.0 FPS
2026-09-17 22:26:49 | INFO    | ================================================
/Users/dilliramchaudhary/sentinel/.venv/lib/python3.13/site-packages/insightface/utils/face_align.py:23: FutureWarning: `estimate` is deprecated since version 0.26 and will be removed in version 2.2. Please use `SimilarityTransform.from_estimate` class constructor instead.
  tform.estimate(lmk, dst)
2026-09-17 22:26:52 | INFO    | VISIT | Umesh Shahi (Student) @ Laptop Webcam sim=0.455
2026-09-17 22:27:02 | INFO    | Initializing YOLO...
2026-09-17 22:27:02 | INFO    | Loading YOLOv8 model: yolov8n.pt
2026-09-17 22:27:02 | INFO    | YOLO device: mps
2026-09-17 22:27:02 | INFO    | Initializing InsightFace...
2026-09-17 22:27:02 | INFO    | Loading InsightFace model pack: buffalo_s
2026-09-17 22:27:02 | INFO    | InsightFace providers: ['CoreMLExecutionProvider', 'CPUExecutionProvider']
2026-09-17 22:27:10 | INFO    | InsightFace model initialized successfully.
2026-09-17 22:27:10 | INFO    | Stakeholder gallery loaded: 64 identities
2026-09-17 22:27:10 | INFO    | ================================================
2026-09-17 22:27:10 | INFO    | Surveillance started
2026-09-17 22:27:10 | INFO    | Source: '/Users/dilliramchaudhary/sentinel/data/videos/VID_20260907_095751.mp4'
2026-09-17 22:27:10 | INFO    | Location: Laptop Webcam
2026-09-17 22:27:10 | INFO    | AI device: mps
2026-09-17 22:27:10 | INFO    | Frame processing interval: every 2 frame(s)
2026-09-17 22:27:10 | INFO    | Live frame output: 12.0 FPS
2026-09-17 22:27:10 | INFO    | ================================================
/Users/dilliramchaudhary/sentinel/.venv/lib/python3.13/site-packages/insightface/utils/face_align.py:23: FutureWarning: `estimate` is deprecated since version 0.26 and will be removed in version 2.2. Please use `SimilarityTransform.from_estimate` class constructor instead.
  tform.estimate(lmk, dst)
2026-09-17 22:27:16 | INFO    | VISIT | Umesh Shahi (Student) @ Laptop Webcam sim=0.501
2026-09-17 22:28:10 | INFO    | Stakeholder gallery loaded: 64 identities
2026-09-17 22:28:16 | INFO    | VISIT | Umesh Shahi (Student) @ Laptop Webcam sim=0.455
2026-09-17 22:29:10 | INFO    | Stakeholder gallery loaded: 64 identities
2026-09-17 22:29:16 | INFO    | VISIT | Umesh Shahi (Student) @ Laptop Webcam sim=0.455
2026-09-17 22:29:42 | WARNING | Could not write latest frame: [Errno 2] No such file or directory: '/Users/dilliramchaudhary/sentinel/data/live/latest.jpg.tmp.jpg' -> '/Users/dilliramchaudhary/sentinel/data/live/latest.jpg'
2026-09-17 22:29:51 | WARNING | Could not write latest frame: [Errno 2] No such file or directory: '/Users/dilliramchaudhary/sentinel/data/live/latest.jpg.tmp.jpg' -> '/Users/dilliramchaudhary/sentinel/data/live/latest.jpg'
2026-09-17 22:29:54 | WARNING | Could not write latest frame: [Errno 2] No such file or directory: '/Users/dilliramchaudhary/sentinel/data/live/latest.jpg.tmp.jpg' -> '/Users/dilliramchaudhary/sentinel/data/live/latest.jpg'
2026-09-17 22:30:08 | WARNING | Could not write latest frame: [Errno 2] No such file or directory: '/Users/dilliramchaudhary/sentinel/data/live/latest.jpg.tmp.jpg' -> '/Users/dilliramchaudhary/sentinel/data/live/latest.jpg'
2026-09-17 22:30:11 | WARNING | Could not write latest frame: [Errno 2] No such file or directory: '/Users/dilliramchaudhary/sentinel/data/live/latest.jpg.tmp.jpg' -> '/Users/dilliramchaudhary/sentinel/data/live/latest.jpg'
2026-09-17 22:30:12 | INFO    | Stakeholder gallery loaded: 64 identities
2026-09-17 22:30:16 | INFO    | VISIT | Umesh Shahi (Student) @ Laptop Webcam sim=0.455
2026-09-17 22:30:16 | WARNING | Could not write latest frame: [Errno 2] No such file or directory: '/Users/dilliramchaudhary/sentinel/data/live/latest.jpg.tmp.jpg' -> '/Users/dilliramchaudhary/sentinel/data/live/latest.jpg'
2026-09-17 22:30:17 | WARNING | Could not write latest frame: [Errno 2] No such file or directory: '/Users/dilliramchaudhary/sentinel/data/live/latest.jpg.tmp.jpg' -> '/Users/dilliramchaudhary/sentinel/data/live/latest.jpg'
2026-09-17 22:30:25 | WARNING | Could not write latest frame: [Errno 2] No such file or directory: '/Users/dilliramchaudhary/sentinel/data/live/latest.jpg.tmp.jpg' -> '/Users/dilliramchaudhary/sentinel/data/live/latest.jpg'
2026-09-17 22:30:26 | WARNING | Could not write latest frame: [Errno 2] No such file or directory: '/Users/dilliramchaudhary/sentinel/data/live/latest.jpg.tmp.jpg' -> '/Users/dilliramchaudhary/sentinel/data/live/latest.jpg'
2026-09-17 22:30:32 | WARNING | Could not write latest frame: [Errno 2] No such file or directory: '/Users/dilliramchaudhary/sentinel/data/live/latest.jpg.tmp.jpg' -> '/Users/dilliramchaudhary/sentinel/data/live/latest.jpg'
2026-09-17 22:30:32 | WARNING | Could not write latest frame: [Errno 2] No such file or directory: '/Users/dilliramchaudhary/sentinel/data/live/latest.jpg.tmp.jpg' -> '/Users/dilliramchaudhary/sentinel/data/live/latest.jpg'
2026-09-17 22:30:33 | WARNING | Could not write latest frame: [Errno 2] No such file or directory: '/Users/dilliramchaudhary/sentinel/data/live/latest.jpg.tmp.jpg' -> '/Users/dilliramchaudhary/sentinel/data/live/latest.jpg'
2026-09-17 22:30:34 | WARNING | Could not write latest frame: [Errno 2] No such file or directory: '/Users/dilliramchaudhary/sentinel/data/live/latest.jpg.tmp.jpg' -> '/Users/dilliramchaudhary/sentinel/data/live/latest.jpg'
2026-09-17 22:30:41 | WARNING | Could not write latest frame: [Errno 2] No such file or directory: '/Users/dilliramchaudhary/sentinel/data/live/latest.jpg.tmp.jpg' -> '/Users/dilliramchaudhary/sentinel/data/live/latest.jpg'
2026-09-17 22:30:44 | WARNING | Could not write latest frame: [Errno 2] No such file or directory: '/Users/dilliramchaudhary/sentinel/data/live/latest.jpg.tmp.jpg' -> '/Users/dilliramchaudhary/sentinel/data/live/latest.jpg'
2026-09-17 22:30:51 | WARNING | Could not write latest frame: [Errno 2] No such file or directory: '/Users/dilliramchaudhary/sentinel/data/live/latest.jpg.tmp.jpg' -> '/Users/dilliramchaudhary/sentinel/data/live/latest.jpg'
2026-09-17 22:30:53 | WARNING | Could not write latest frame: [Errno 2] No such file or directory: '/Users/dilliramchaudhary/sentinel/data/live/latest.jpg.tmp.jpg' -> '/Users/dilliramchaudhary/sentinel/data/live/latest.jpg'
2026-09-17 22:30:55 | WARNING | Could not write latest frame: [Errno 2] No such file or directory: '/Users/dilliramchaudhary/sentinel/data/live/latest.jpg.tmp.jpg' -> '/Users/dilliramchaudhary/sentinel/data/live/latest.jpg'
2026-09-17 22:30:56 | WARNING | Could not write latest frame: [Errno 2] No such file or directory: '/Users/dilliramchaudhary/sentinel/data/live/latest.jpg.tmp.jpg' -> '/Users/dilliramchaudhary/sentinel/data/live/latest.jpg'
2026-09-17 22:30:56 | WARNING | Could not write latest frame: [Errno 2] No such file or directory: '/Users/dilliramchaudhary/sentinel/data/live/latest.jpg.tmp.jpg' -> '/Users/dilliramchaudhary/sentinel/data/live/latest.jpg'
2026-09-17 22:30:57 | WARNING | Could not write latest frame: [Errno 2] No such file or directory: '/Users/dilliramchaudhary/sentinel/data/live/latest.jpg.tmp.jpg' -> '/Users/dilliramchaudhary/sentinel/data/live/latest.jpg'
2026-09-17 22:30:57 | WARNING | Could not write latest frame: [Errno 2] No such file or directory: '/Users/dilliramchaudhary/sentinel/data/live/latest.jpg.tmp.jpg' -> '/Users/dilliramchaudhary/sentinel/data/live/latest.jpg'
2026-09-17 22:30:57 | WARNING | Could not write latest frame: [Errno 2] No such file or directory: '/Users/dilliramchaudhary/sentinel/data/live/latest.jpg.tmp.jpg' -> '/Users/dilliramchaudhary/sentinel/data/live/latest.jpg'
2026-09-17 22:31:02 | WARNING | Could not write latest frame: [Errno 2] No such file or directory: '/Users/dilliramchaudhary/sentinel/data/live/latest.jpg.tmp.jpg' -> '/Users/dilliramchaudhary/sentinel/data/live/latest.jpg'
2026-09-17 22:31:02 | WARNING | Could not write latest frame: [Errno 2] No such file or directory: '/Users/dilliramchaudhary/sentinel/data/live/latest.jpg.tmp.jpg' -> '/Users/dilliramchaudhary/sentinel/data/live/latest.jpg'
2026-09-17 22:31:04 | WARNING | Could not write latest frame: [Errno 2] No such file or directory: '/Users/dilliramchaudhary/sentinel/data/live/latest.jpg.tmp.jpg' -> '/Users/dilliramchaudhary/sentinel/data/live/latest.jpg'
2026-09-17 22:31:05 | WARNING | Could not write latest frame: [Errno 2] No such file or directory: '/Users/dilliramchaudhary/sentinel/data/live/latest.jpg.tmp.jpg' -> '/Users/dilliramchaudhary/sentinel/data/live/latest.jpg'
2026-09-17 22:31:07 | WARNING | Could not write latest frame: [Errno 2] No such file or directory: '/Users/dilliramchaudhary/sentinel/data/live/latest.jpg.tmp.jpg' -> '/Users/dilliramchaudhary/sentinel/data/live/latest.jpg'
2026-09-17 22:31:09 | WARNING | Could not write latest frame: [Errno 2] No such file or directory: '/Users/dilliramchaudhary/sentinel/data/live/latest.jpg.tmp.jpg' -> '/Users/dilliramchaudhary/sentinel/data/live/latest.jpg'
2026-09-17 22:31:09 | WARNING | Could not write latest frame: [Errno 2] No such file or directory: '/Users/dilliramchaudhary/sentinel/data/live/latest.jpg.tmp.jpg' -> '/Users/dilliramchaudhary/sentinel/data/live/latest.jpg'
2026-09-17 22:31:10 | WARNING | Could not write latest frame: [Errno 2] No such file or directory: '/Users/dilliramchaudhary/sentinel/data/live/latest.jpg.tmp.jpg' -> '/Users/dilliramchaudhary/sentinel/data/live/latest.jpg'
2026-09-17 22:31:12 | INFO    | Stakeholder gallery loaded: 64 identities
2026-09-17 22:31:16 | INFO    | VISIT | Umesh Shahi (Student) @ Laptop Webcam sim=0.455
2026-09-17 22:31:17 | WARNING | Could not write latest frame: [Errno 2] No such file or directory: '/Users/dilliramchaudhary/sentinel/data/live/latest.jpg.tmp.jpg' -> '/Users/dilliramchaudhary/sentinel/data/live/latest.jpg'
2026-09-17 22:31:19 | WARNING | Could not write latest frame: [Errno 2] No such file or directory: '/Users/dilliramchaudhary/sentinel/data/live/latest.jpg.tmp.jpg' -> '/Users/dilliramchaudhary/sentinel/data/live/latest.jpg'
2026-09-17 22:31:19 | WARNING | Could not write latest frame: [Errno 2] No such file or directory: '/Users/dilliramchaudhary/sentinel/data/live/latest.jpg.tmp.jpg' -> '/Users/dilliramchaudhary/sentinel/data/live/latest.jpg'
2026-09-17 22:31:19 | WARNING | Could not write latest frame: [Errno 2] No such file or directory: '/Users/dilliramchaudhary/sentinel/data/live/latest.jpg.tmp.jpg' -> '/Users/dilliramchaudhary/sentinel/data/live/latest.jpg'
2026-09-17 22:31:20 | WARNING | Could not write latest frame: [Errno 2] No such file or directory: '/Users/dilliramchaudhary/sentinel/data/live/latest.jpg.tmp.jpg' -> '/Users/dilliramchaudhary/sentinel/data/live/latest.jpg'
2026-09-17 22:31:20 | WARNING | Could not write latest frame: [Errno 2] No such file or directory: '/Users/dilliramchaudhary/sentinel/data/live/latest.jpg.tmp.jpg' -> '/Users/dilliramchaudhary/sentinel/data/live/latest.jpg'
2026-09-17 22:31:20 | WARNING | Could not write latest frame: [Errno 2] No such file or directory: '/Users/dilliramchaudhary/sentinel/data/live/latest.jpg.tmp.jpg' -> '/Users/dilliramchaudhary/sentinel/data/live/latest.jpg'
2026-09-17 22:31:20 | WARNING | Could not write latest frame: [Errno 2] No such file or directory: '/Users/dilliramchaudhary/sentinel/data/live/latest.jpg.tmp.jpg' -> '/Users/dilliramchaudhary/sentinel/data/live/latest.jpg'
2026-09-17 22:31:21 | WARNING | Could not write latest frame: [Errno 2] No such file or directory: '/Users/dilliramchaudhary/sentinel/data/live/latest.jpg.tmp.jpg' -> '/Users/dilliramchaudhary/sentinel/data/live/latest.jpg'
2026-09-17 22:31:21 | WARNING | Could not write latest frame: [Errno 2] No such file or directory: '/Users/dilliramchaudhary/sentinel/data/live/latest.jpg.tmp.jpg' -> '/Users/dilliramchaudhary/sentinel/data/live/latest.jpg'
2026-09-17 22:31:21 | WARNING | Could not write latest frame: [Errno 2] No such file or directory: '/Users/dilliramchaudhary/sentinel/data/live/latest.jpg.tmp.jpg' -> '/Users/dilliramchaudhary/sentinel/data/live/latest.jpg'
2026-09-17 22:31:25 | WARNING | Could not write latest frame: [Errno 2] No such file or directory: '/Users/dilliramchaudhary/sentinel/data/live/latest.jpg.tmp.jpg' -> '/Users/dilliramchaudhary/sentinel/data/live/latest.jpg'
2026-09-17 22:31:26 | WARNING | Could not write latest frame: [Errno 2] No such file or directory: '/Users/dilliramchaudhary/sentinel/data/live/latest.jpg.tmp.jpg' -> '/Users/dilliramchaudhary/sentinel/data/live/latest.jpg'
2026-09-17 22:31:28 | WARNING | Could not write latest frame: [Errno 2] No such file or directory: '/Users/dilliramchaudhary/sentinel/data/live/latest.jpg.tmp.jpg' -> '/Users/dilliramchaudhary/sentinel/data/live/latest.jpg'
2026-09-17 22:31:29 | WARNING | Could not write latest frame: [Errno 2] No such file or directory: '/Users/dilliramchaudhary/sentinel/data/live/latest.jpg.tmp.jpg' -> '/Users/dilliramchaudhary/sentinel/data/live/latest.jpg'
2026-09-17 22:31:30 | WARNING | Could not write latest frame: [Errno 2] No such file or directory: '/Users/dilliramchaudhary/sentinel/data/live/latest.jpg.tmp.jpg' -> '/Users/dilliramchaudhary/sentinel/data/live/latest.jpg'
2026-09-17 22:31:33 | WARNING | Could not write latest frame: [Errno 2] No such file or directory: '/Users/dilliramchaudhary/sentinel/data/live/latest.jpg.tmp.jpg' -> '/Users/dilliramchaudhary/sentinel/data/live/latest.jpg'
2026-09-17 22:32:12 | INFO    | Stakeholder gallery loaded: 64 identities
2026-09-17 22:32:16 | INFO    | VISIT | Umesh Shahi (Student) @ Laptop Webcam sim=0.455
2026-09-17 22:33:12 | INFO    | Stakeholder gallery loaded: 64 identities
2026-09-17 22:33:16 | INFO    | VISIT | Umesh Shahi (Student) @ Laptop Webcam sim=0.455
2026-09-17 22:34:12 | INFO    | Stakeholder gallery loaded: 64 identities
2026-09-17 22:34:16 | INFO    | VISIT | Umesh Shahi (Student) @ Laptop Webcam sim=0.455
2026-09-17 22:35:12 | INFO    | Stakeholder gallery loaded: 64 identities
2026-09-17 22:35:16 | INFO    | VISIT | Umesh Shahi (Student) @ Laptop Webcam sim=0.455
2026-09-17 22:36:12 | INFO    | Stakeholder gallery loaded: 64 identities
2026-09-17 22:36:16 | INFO    | VISIT | Umesh Shahi (Student) @ Laptop Webcam sim=0.455
2026-09-17 22:37:12 | INFO    | Stakeholder gallery loaded: 64 identities
2026-09-17 22:37:16 | INFO    | VISIT | Umesh Shahi (Student) @ Laptop Webcam sim=0.455
2026-09-17 22:38:13 | INFO    | Stakeholder gallery loaded: 64 identities
2026-09-17 22:38:16 | INFO    | VISIT | Umesh Shahi (Student) @ Laptop Webcam sim=0.455
2026-09-17 22:39:13 | INFO    | Stakeholder gallery loaded: 64 identities
2026-09-17 22:39:16 | INFO    | VISIT | Umesh Shahi (Student) @ Laptop Webcam sim=0.455
2026-09-17 22:40:13 | INFO    | Stakeholder gallery loaded: 64 identities
2026-09-17 22:40:16 | INFO    | VISIT | Umesh Shahi (Student) @ Laptop Webcam sim=0.455
2026-09-17 22:41:13 | INFO    | Stakeholder gallery loaded: 64 identities
2026-09-17 22:41:17 | INFO    | VISIT | Umesh Shahi (Student) @ Laptop Webcam sim=0.455
2026-09-17 22:42:13 | INFO    | Stakeholder gallery loaded: 64 identities
2026-09-17 22:42:17 | INFO    | VISIT | Umesh Shahi (Student) @ Laptop Webcam sim=0.455
2026-09-17 22:43:13 | INFO    | Stakeholder gallery loaded: 64 identities
2026-09-17 22:43:17 | INFO    | VISIT | Umesh Shahi (Student) @ Laptop Webcam sim=0.455
2026-09-17 22:44:13 | INFO    | Stakeholder gallery loaded: 64 identities
2026-09-17 22:44:17 | INFO    | VISIT | Umesh Shahi (Student) @ Laptop Webcam sim=0.455
2026-09-17 22:45:13 | INFO    | Stakeholder gallery loaded: 64 identities
2026-09-17 22:45:17 | INFO    | VISIT | Umesh Shahi (Student) @ Laptop Webcam sim=0.455
2026-09-17 22:46:13 | INFO    | Stakeholder gallery loaded: 64 identities
2026-09-17 22:46:17 | INFO    | VISIT | Umesh Shahi (Student) @ Laptop Webcam sim=0.455
2026-09-17 22:47:13 | INFO    | Stakeholder gallery loaded: 64 identities
2026-09-17 22:47:17 | INFO    | VISIT | Umesh Shahi (Student) @ Laptop Webcam sim=0.455
2026-09-17 22:48:13 | INFO    | Stakeholder gallery loaded: 64 identities
2026-09-17 22:48:17 | INFO    | VISIT | Umesh Shahi (Student) @ Laptop Webcam sim=0.455
2026-09-17 22:49:13 | INFO    | Stakeholder gallery loaded: 64 identities
2026-09-17 22:49:17 | INFO    | VISIT | Umesh Shahi (Student) @ Laptop Webcam sim=0.455
2026-09-17 22:50:13 | INFO    | Stakeholder gallery loaded: 64 identities
2026-09-17 22:50:17 | INFO    | VISIT | Umesh Shahi (Student) @ Laptop Webcam sim=0.455
2026-09-17 22:51:13 | INFO    | Stakeholder gallery loaded: 64 identities
2026-09-17 22:51:17 | INFO    | VISIT | Umesh Shahi (Student) @ Laptop Webcam sim=0.455
2026-09-17 22:52:13 | INFO    | Stakeholder gallery loaded: 64 identities
2026-09-17 22:52:17 | INFO    | VISIT | Umesh Shahi (Student) @ Laptop Webcam sim=0.455
2026-09-17 22:53:14 | INFO    | Stakeholder gallery loaded: 64 identities
2026-09-17 22:53:17 | INFO    | VISIT | Umesh Shahi (Student) @ Laptop Webcam sim=0.455
2026-09-17 22:54:14 | INFO    | Stakeholder gallery loaded: 64 identities
2026-09-17 22:54:17 | INFO    | VISIT | Umesh Shahi (Student) @ Laptop Webcam sim=0.455
2026-09-17 22:55:14 | INFO    | Stakeholder gallery loaded: 64 identities
2026-09-17 22:55:17 | INFO    | VISIT | Umesh Shahi (Student) @ Laptop Webcam sim=0.455
2026-09-17 22:56:14 | INFO    | Stakeholder gallery loaded: 64 identities
2026-09-17 22:56:17 | INFO    | VISIT | Umesh Shahi (Student) @ Laptop Webcam sim=0.455
2026-09-17 22:57:14 | INFO    | Stakeholder gallery loaded: 64 identities
2026-09-17 22:57:17 | INFO    | VISIT | Umesh Shahi (Student) @ Laptop Webcam sim=0.455
2026-09-17 22:58:14 | INFO    | Stakeholder gallery loaded: 64 identities
2026-09-17 22:58:17 | INFO    | VISIT | Umesh Shahi (Student) @ Laptop Webcam sim=0.455
2026-09-17 22:59:14 | INFO    | Stakeholder gallery loaded: 64 identities
2026-09-17 22:59:17 | INFO    | VISIT | Umesh Shahi (Student) @ Laptop Webcam sim=0.455
2026-09-17 23:00:14 | INFO    | Stakeholder gallery loaded: 64 identities
2026-09-17 23:00:17 | INFO    | VISIT | Umesh Shahi (Student) @ Laptop Webcam sim=0.455
2026-09-17 23:01:14 | INFO    | Stakeholder gallery loaded: 64 identities
2026-09-17 23:01:17 | INFO    | VISIT | Umesh Shahi (Student) @ Laptop Webcam sim=0.455
2026-09-17 23:02:14 | INFO    | Stakeholder gallery loaded: 64 identities
2026-09-17 23:02:17 | INFO    | VISIT | Umesh Shahi (Student) @ Laptop Webcam sim=0.455
2026-09-17 23:03:04 | INFO    | Surveillance interrupted.
2026-09-17 23:03:04 | INFO    | ================================================
2026-09-17 23:03:04 | INFO    | Surveillance stopped.
2026-09-17 23:03:04 | INFO    | Camera frames: 67670
2026-09-17 23:03:04 | INFO    | AI frames: 33834
2026-09-17 23:03:04 | INFO    | ================================================
[SYSTEM] AI device: mps
[SYSTEM] InsightFace providers: ['CoreMLExecutionProvider', 'CPUExecutionProvider']
Applied providers: ['CoreMLExecutionProvider', 'CPUExecutionProvider'], with options: {'CPUExecutionProvider': {}, 'CoreMLExecutionProvider': {}}
find model: /Users/dilliramchaudhary/.insightface/models/buffalo_s/1k3d68.onnx landmark_3d_68 ['None', 3, 192, 192] 0.0 1.0
Applied providers: ['CoreMLExecutionProvider', 'CPUExecutionProvider'], with options: {'CPUExecutionProvider': {}, 'CoreMLExecutionProvider': {}}
find model: /Users/dilliramchaudhary/.insightface/models/buffalo_s/2d106det.onnx landmark_2d_106 ['None', 3, 192, 192] 0.0 1.0
Applied providers: ['CoreMLExecutionProvider', 'CPUExecutionProvider'], with options: {'CPUExecutionProvider': {}, 'CoreMLExecutionProvider': {}}
find model: /Users/dilliramchaudhary/.insightface/models/buffalo_s/det_500m.onnx detection [1, 3, '?', '?'] 127.5 128.0
Applied providers: ['CoreMLExecutionProvider', 'CPUExecutionProvider'], with options: {'CPUExecutionProvider': {}, 'CoreMLExecutionProvider': {}}
find model: /Users/dilliramchaudhary/.insightface/models/buffalo_s/genderage.onnx genderage ['None', 3, 96, 96] 0.0 1.0
Applied providers: ['CoreMLExecutionProvider', 'CPUExecutionProvider'], with options: {'CPUExecutionProvider': {}, 'CoreMLExecutionProvider': {}}
find model: /Users/dilliramchaudhary/.insightface/models/buffalo_s/w600k_mbf.onnx recognition ['None', 3, 112, 112] 127.5 127.5
set det-size: (640, 640)
