2026-09-07 10:03:25 | INFO    | Initializing YOLO...
2026-09-07 10:03:25 | INFO    | Loading YOLOv8 model: yolov8n.pt
2026-09-07 10:03:25 | INFO    | YOLO device: mps
2026-09-07 10:03:25 | INFO    | Initializing InsightFace...
2026-09-07 10:03:25 | INFO    | Loading InsightFace model pack: buffalo_s
2026-09-07 10:03:25 | INFO    | InsightFace providers: ['CoreMLExecutionProvider', 'CPUExecutionProvider']
2026-09-07 10:03:32 | INFO    | InsightFace model initialized successfully.
2026-09-07 10:03:32 | INFO    | Stakeholder gallery loaded: 64 identities
2026-09-07 10:03:32 | INFO    | ================================================
2026-09-07 10:03:32 | INFO    | Surveillance started
2026-09-07 10:03:32 | INFO    | Source: '/Users/dilliramchaudhary/sentinel/data/videos/VID_20260907_095751.mp4'
2026-09-07 10:03:32 | INFO    | Location: Laptop Webcam
2026-09-07 10:03:32 | INFO    | AI device: mps
2026-09-07 10:03:32 | INFO    | Frame processing interval: every 2 frame(s)
2026-09-07 10:03:32 | INFO    | Live frame output: 12.0 FPS
2026-09-07 10:03:32 | INFO    | ================================================
2026-09-07 10:03:36 | INFO    | VISIT | Umesh Shahi (Student) @ Laptop Webcam sim=0.494
2026-09-07 10:04:28 | INFO    | Initializing YOLO...
2026-09-07 10:04:28 | INFO    | Loading YOLOv8 model: yolov8n.pt
2026-09-07 10:04:28 | INFO    | YOLO device: mps
2026-09-07 10:04:28 | INFO    | Initializing InsightFace...
2026-09-07 10:04:28 | INFO    | Loading InsightFace model pack: buffalo_s
2026-09-07 10:04:28 | INFO    | InsightFace providers: ['CoreMLExecutionProvider', 'CPUExecutionProvider']
2026-09-07 10:04:35 | INFO    | InsightFace model initialized successfully.
2026-09-07 10:04:35 | INFO    | Stakeholder gallery loaded: 64 identities
2026-09-07 10:04:35 | INFO    | ================================================
2026-09-07 10:04:35 | INFO    | Surveillance started
2026-09-07 10:04:35 | INFO    | Source: '/Users/dilliramchaudhary/sentinel/data/videos/VID_20260907_095751.mp4'
2026-09-07 10:04:35 | INFO    | Location: Laptop Webcam
2026-09-07 10:04:35 | INFO    | AI device: mps
2026-09-07 10:04:35 | INFO    | Frame processing interval: every 2 frame(s)
2026-09-07 10:04:35 | INFO    | Live frame output: 12.0 FPS
2026-09-07 10:04:35 | INFO    | ================================================
2026-09-07 10:04:39 | INFO    | VISIT | Umesh Shahi (Student) @ Laptop Webcam sim=0.488
2026-09-07 10:20:13 | INFO    | Initializing YOLO...
2026-09-07 10:20:13 | INFO    | Loading YOLOv8 model: yolov8n.pt
2026-09-07 10:20:13 | INFO    | YOLO device: mps
2026-09-07 10:20:13 | INFO    | Initializing InsightFace...
2026-09-07 10:20:13 | INFO    | Loading InsightFace model pack: buffalo_s
2026-09-07 10:20:13 | INFO    | InsightFace providers: ['CoreMLExecutionProvider', 'CPUExecutionProvider']
2026-09-07 10:20:28 | INFO    | Initializing YOLO...
2026-09-07 10:20:28 | INFO    | Loading YOLOv8 model: yolov8n.pt
2026-09-07 10:20:28 | INFO    | YOLO device: mps
2026-09-07 10:20:28 | INFO    | Initializing InsightFace...
2026-09-07 10:20:28 | INFO    | Loading InsightFace model pack: buffalo_s
2026-09-07 10:20:28 | INFO    | InsightFace providers: ['CoreMLExecutionProvider', 'CPUExecutionProvider']
2026-09-07 10:20:39 | INFO    | InsightFace model initialized successfully.
2026-09-07 10:20:39 | INFO    | Stakeholder gallery loaded: 64 identities
2026-09-07 10:20:39 | INFO    | ================================================
2026-09-07 10:20:39 | INFO    | Surveillance started
2026-09-07 10:20:39 | INFO    | Source: '/Users/dilliramchaudhary/sentinel/data/videos/VID_20260907_095751.mp4'
2026-09-07 10:20:39 | INFO    | Location: Laptop Webcam
2026-09-07 10:20:39 | INFO    | AI device: mps
2026-09-07 10:20:39 | INFO    | Frame processing interval: every 2 frame(s)
2026-09-07 10:20:39 | INFO    | Live frame output: 12.0 FPS
2026-09-07 10:20:39 | INFO    | ================================================
2026-09-07 10:20:44 | WARNING | UNKNOWN person registered @ Laptop Webcam -> /Users/dilliramchaudhary/sentinel/data/unknown_faces/unknown_20260907_102044_754715.jpg
2026-09-07 10:20:44 | INFO    | VISIT | Umesh Shahi (Student) @ Laptop Webcam sim=0.455
2026-09-07 10:21:39 | INFO    | Stakeholder gallery loaded: 64 identities
2026-09-07 10:21:44 | INFO    | VISIT | Umesh Shahi (Student) @ Laptop Webcam sim=0.455
2026-09-07 10:22:39 | INFO    | Stakeholder gallery loaded: 64 identities
2026-09-07 10:22:44 | INFO    | VISIT | Umesh Shahi (Student) @ Laptop Webcam sim=0.455
2026-09-07 10:23:39 | INFO    | Stakeholder gallery loaded: 64 identities
2026-09-07 10:23:44 | INFO    | VISIT | Umesh Shahi (Student) @ Laptop Webcam sim=0.455
2026-09-07 10:24:39 | INFO    | Stakeholder gallery loaded: 64 identities
2026-09-07 10:24:45 | INFO    | VISIT | Umesh Shahi (Student) @ Laptop Webcam sim=0.455
2026-09-07 10:25:39 | INFO    | Stakeholder gallery loaded: 64 identities
2026-09-07 10:25:45 | INFO    | VISIT | Umesh Shahi (Student) @ Laptop Webcam sim=0.455
2026-09-07 10:26:39 | INFO    | Stakeholder gallery loaded: 64 identities
2026-09-07 10:26:45 | INFO    | VISIT | Umesh Shahi (Student) @ Laptop Webcam sim=0.455
2026-09-07 10:27:39 | INFO    | Stakeholder gallery loaded: 64 identities
2026-09-07 10:27:45 | INFO    | VISIT | Umesh Shahi (Student) @ Laptop Webcam sim=0.455
2026-09-07 10:28:39 | INFO    | Stakeholder gallery loaded: 64 identities
2026-09-07 10:28:45 | INFO    | VISIT | Umesh Shahi (Student) @ Laptop Webcam sim=0.455
2026-09-07 10:29:39 | INFO    | Stakeholder gallery loaded: 64 identities
2026-09-07 10:29:45 | INFO    | VISIT | Umesh Shahi (Student) @ Laptop Webcam sim=0.455
2026-09-07 10:30:39 | INFO    | Stakeholder gallery loaded: 64 identities
2026-09-07 10:30:45 | INFO    | VISIT | Umesh Shahi (Student) @ Laptop Webcam sim=0.455
2026-09-07 10:31:39 | INFO    | Stakeholder gallery loaded: 64 identities
2026-09-07 10:31:45 | INFO    | VISIT | Umesh Shahi (Student) @ Laptop Webcam sim=0.455
2026-09-07 10:32:39 | INFO    | Stakeholder gallery loaded: 64 identities
2026-09-07 10:32:45 | INFO    | VISIT | Umesh Shahi (Student) @ Laptop Webcam sim=0.455
2026-09-07 10:48:15 | INFO    | VISIT | Umesh Shahi (Student) @ Laptop Webcam sim=0.455
2026-09-07 10:48:15 | INFO    | Stakeholder gallery loaded: 64 identities
2026-09-07 11:30:01 | INFO    | VISIT | Umesh Shahi (Student) @ Laptop Webcam sim=0.455
2026-09-07 11:30:01 | INFO    | Stakeholder gallery loaded: 64 identities
2026-09-07 11:31:01 | INFO    | VISIT | Umesh Shahi (Student) @ Laptop Webcam sim=0.455
2026-09-07 11:31:01 | INFO    | Stakeholder gallery loaded: 64 identities
2026-09-07 11:48:02 | INFO    | VISIT | Umesh Shahi (Student) @ Laptop Webcam sim=0.455
2026-09-07 11:48:02 | INFO    | Stakeholder gallery loaded: 64 identities
2026-09-07 11:49:02 | INFO    | VISIT | Umesh Shahi (Student) @ Laptop Webcam sim=0.455
2026-09-07 11:49:02 | INFO    | Stakeholder gallery loaded: 64 identities
2026-09-07 11:53:13 | INFO    | VISIT | Umesh Shahi (Student) @ Laptop Webcam sim=0.455
2026-09-07 11:53:13 | INFO    | Stakeholder gallery loaded: 64 identities
2026-09-07 11:54:13 | INFO    | VISIT | Umesh Shahi (Student) @ Laptop Webcam sim=0.455
2026-09-07 11:54:13 | INFO    | Stakeholder gallery loaded: 64 identities
2026-09-07 11:58:46 | INFO    | VISIT | Umesh Shahi (Student) @ Laptop Webcam sim=0.455
2026-09-07 11:58:46 | INFO    | Stakeholder gallery loaded: 64 identities
2026-09-07 11:59:46 | INFO    | VISIT | Umesh Shahi (Student) @ Laptop Webcam sim=0.455
2026-09-07 11:59:46 | INFO    | Stakeholder gallery loaded: 64 identities
2026-09-07 12:16:54 | INFO    | VISIT | Umesh Shahi (Student) @ Laptop Webcam sim=0.455
2026-09-07 12:16:54 | INFO    | Stakeholder gallery loaded: 64 identities
2026-09-07 12:20:14 | INFO    | VISIT | Umesh Shahi (Student) @ Laptop Webcam sim=0.455
2026-09-07 12:20:14 | INFO    | Stakeholder gallery loaded: 64 identities
2026-09-07 12:21:14 | INFO    | VISIT | Umesh Shahi (Student) @ Laptop Webcam sim=0.455
2026-09-07 12:21:14 | INFO    | Stakeholder gallery loaded: 64 identities
2026-09-07 12:22:14 | INFO    | VISIT | Umesh Shahi (Student) @ Laptop Webcam sim=0.455
2026-09-07 12:22:14 | INFO    | Stakeholder gallery loaded: 64 identities
2026-09-07 12:23:14 | INFO    | VISIT | Umesh Shahi (Student) @ Laptop Webcam sim=0.455
2026-09-07 12:23:14 | INFO    | Stakeholder gallery loaded: 64 identities
2026-09-07 12:24:14 | INFO    | VISIT | Umesh Shahi (Student) @ Laptop Webcam sim=0.455
2026-09-07 12:24:14 | INFO    | Stakeholder gallery loaded: 64 identities
2026-09-07 12:25:14 | INFO    | VISIT | Umesh Shahi (Student) @ Laptop Webcam sim=0.455
2026-09-07 12:25:14 | INFO    | Stakeholder gallery loaded: 64 identities
2026-09-07 12:26:14 | INFO    | VISIT | Umesh Shahi (Student) @ Laptop Webcam sim=0.455
2026-09-07 12:26:14 | INFO    | Stakeholder gallery loaded: 64 identities
2026-09-07 12:27:09 | INFO    | Initializing YOLO...
2026-09-07 12:27:09 | INFO    | Loading YOLOv8 model: yolov8n.pt
2026-09-07 12:27:09 | INFO    | YOLO device: mps
2026-09-07 12:27:09 | INFO    | Initializing InsightFace...
2026-09-07 12:27:09 | INFO    | Loading InsightFace model pack: buffalo_s
2026-09-07 12:27:09 | INFO    | InsightFace providers: ['CoreMLExecutionProvider', 'CPUExecutionProvider']
2026-09-07 12:27:14 | INFO    | VISIT | Umesh Shahi (Student) @ Laptop Webcam sim=0.455
2026-09-07 12:27:14 | INFO    | Stakeholder gallery loaded: 64 identities
2026-09-07 12:27:15 | INFO    | InsightFace model initialized successfully.
2026-09-07 12:27:15 | INFO    | Stakeholder gallery loaded: 64 identities
2026-09-07 12:27:15 | INFO    | ================================================
2026-09-07 12:27:15 | INFO    | Surveillance started
2026-09-07 12:27:15 | INFO    | Source: '/Users/dilliramchaudhary/sentinel/data/videos/VID_20260907_095751.mp4'
2026-09-07 12:27:15 | INFO    | Location: Laptop Webcam
2026-09-07 12:27:15 | INFO    | AI device: mps
2026-09-07 12:27:15 | INFO    | Frame processing interval: every 2 frame(s)
2026-09-07 12:27:15 | INFO    | Live frame output: 12.0 FPS
2026-09-07 12:27:15 | INFO    | ================================================
2026-09-07 12:27:15 | WARNING | Could not write latest frame: [Errno 2] No such file or directory: '/Users/dilliramchaudhary/sentinel/data/live/latest.jpg.tmp.jpg' -> '/Users/dilliramchaudhary/sentinel/data/live/latest.jpg'
2026-09-07 12:27:21 | INFO    | VISIT | Umesh Shahi (Student) @ Laptop Webcam sim=0.475
2026-09-07 12:27:21 | WARNING | Could not write latest frame: [Errno 2] No such file or directory: '/Users/dilliramchaudhary/sentinel/data/live/latest.jpg.tmp.jpg' -> '/Users/dilliramchaudhary/sentinel/data/live/latest.jpg'
2026-09-07 12:27:21 | WARNING | Could not write latest frame: [Errno 2] No such file or directory: '/Users/dilliramchaudhary/sentinel/data/live/latest.jpg.tmp.jpg' -> '/Users/dilliramchaudhary/sentinel/data/live/latest.jpg'
2026-09-07 12:27:22 | WARNING | Could not write latest frame: [Errno 2] No such file or directory: '/Users/dilliramchaudhary/sentinel/data/live/latest.jpg.tmp.jpg' -> '/Users/dilliramchaudhary/sentinel/data/live/latest.jpg'
2026-09-07 12:27:22 | WARNING | Could not write latest frame: [Errno 2] No such file or directory: '/Users/dilliramchaudhary/sentinel/data/live/latest.jpg.tmp.jpg' -> '/Users/dilliramchaudhary/sentinel/data/live/latest.jpg'
2026-09-07 12:27:22 | WARNING | Could not write latest frame: [Errno 2] No such file or directory: '/Users/dilliramchaudhary/sentinel/data/live/latest.jpg.tmp.jpg' -> '/Users/dilliramchaudhary/sentinel/data/live/latest.jpg'
2026-09-07 12:27:23 | WARNING | Could not write latest frame: [Errno 2] No such file or directory: '/Users/dilliramchaudhary/sentinel/data/live/latest.jpg.tmp.jpg' -> '/Users/dilliramchaudhary/sentinel/data/live/latest.jpg'
2026-09-07 12:27:23 | WARNING | Could not write latest frame: [Errno 2] No such file or directory: '/Users/dilliramchaudhary/sentinel/data/live/latest.jpg.tmp.jpg' -> '/Users/dilliramchaudhary/sentinel/data/live/latest.jpg'
2026-09-07 12:27:26 | WARNING | Could not write latest frame: [Errno 2] No such file or directory: '/Users/dilliramchaudhary/sentinel/data/live/latest.jpg.tmp.jpg' -> '/Users/dilliramchaudhary/sentinel/data/live/latest.jpg'
2026-09-07 12:27:29 | WARNING | Could not write latest frame: [Errno 2] No such file or directory: '/Users/dilliramchaudhary/sentinel/data/live/latest.jpg.tmp.jpg' -> '/Users/dilliramchaudhary/sentinel/data/live/latest.jpg'
2026-09-07 12:27:29 | WARNING | Could not write latest frame: [Errno 2] No such file or directory: '/Users/dilliramchaudhary/sentinel/data/live/latest.jpg.tmp.jpg' -> '/Users/dilliramchaudhary/sentinel/data/live/latest.jpg'
2026-09-07 12:27:29 | WARNING | Could not write latest frame: [Errno 2] No such file or directory: '/Users/dilliramchaudhary/sentinel/data/live/latest.jpg.tmp.jpg' -> '/Users/dilliramchaudhary/sentinel/data/live/latest.jpg'
2026-09-07 12:27:29 | WARNING | Could not write latest frame: [Errno 2] No such file or directory: '/Users/dilliramchaudhary/sentinel/data/live/latest.jpg.tmp.jpg' -> '/Users/dilliramchaudhary/sentinel/data/live/latest.jpg'
2026-09-07 12:27:29 | WARNING | Could not write latest frame: [Errno 2] No such file or directory: '/Users/dilliramchaudhary/sentinel/data/live/latest.jpg.tmp.jpg' -> '/Users/dilliramchaudhary/sentinel/data/live/latest.jpg'
2026-09-07 12:27:29 | WARNING | Could not write latest frame: [Errno 2] No such file or directory: '/Users/dilliramchaudhary/sentinel/data/live/latest.jpg.tmp.jpg' -> '/Users/dilliramchaudhary/sentinel/data/live/latest.jpg'
2026-09-07 12:27:30 | WARNING | Could not write latest frame: [Errno 2] No such file or directory: '/Users/dilliramchaudhary/sentinel/data/live/latest.jpg.tmp.jpg' -> '/Users/dilliramchaudhary/sentinel/data/live/latest.jpg'
2026-09-07 12:27:44 | INFO    | Initializing YOLO...
2026-09-07 12:27:44 | INFO    | Loading YOLOv8 model: yolov8n.pt
2026-09-07 12:27:44 | INFO    | YOLO device: mps
2026-09-07 12:27:44 | INFO    | Initializing InsightFace...
2026-09-07 12:27:44 | INFO    | Loading InsightFace model pack: buffalo_s
2026-09-07 12:27:44 | INFO    | InsightFace providers: ['CoreMLExecutionProvider', 'CPUExecutionProvider']
2026-09-07 12:27:49 | INFO    | InsightFace model initialized successfully.
2026-09-07 12:27:49 | INFO    | Stakeholder gallery loaded: 64 identities
2026-09-07 12:27:50 | INFO    | ================================================
2026-09-07 12:27:50 | INFO    | Surveillance started
2026-09-07 12:27:50 | INFO    | Source: '/Users/dilliramchaudhary/sentinel/data/videos/VID_20260907_095751.mp4'
2026-09-07 12:27:50 | INFO    | Location: Laptop Webcam
2026-09-07 12:27:50 | INFO    | AI device: mps
2026-09-07 12:27:50 | INFO    | Frame processing interval: every 2 frame(s)
2026-09-07 12:27:50 | INFO    | Live frame output: 12.0 FPS
2026-09-07 12:27:50 | INFO    | ================================================
2026-09-07 12:27:53 | INFO    | VISIT | Umesh Shahi (Student) @ Laptop Webcam sim=0.501
2026-09-07 12:27:55 | WARNING | Could not write latest frame: [Errno 2] No such file or directory: '/Users/dilliramchaudhary/sentinel/data/live/latest.jpg.tmp.jpg' -> '/Users/dilliramchaudhary/sentinel/data/live/latest.jpg'
2026-09-07 12:27:56 | WARNING | Could not write latest frame: [Errno 2] No such file or directory: '/Users/dilliramchaudhary/sentinel/data/live/latest.jpg.tmp.jpg' -> '/Users/dilliramchaudhary/sentinel/data/live/latest.jpg'
2026-09-07 12:27:56 | WARNING | Could not write latest frame: [Errno 2] No such file or directory: '/Users/dilliramchaudhary/sentinel/data/live/latest.jpg.tmp.jpg' -> '/Users/dilliramchaudhary/sentinel/data/live/latest.jpg'
2026-09-07 12:27:56 | WARNING | Could not write latest frame: [Errno 2] No such file or directory: '/Users/dilliramchaudhary/sentinel/data/live/latest.jpg.tmp.jpg' -> '/Users/dilliramchaudhary/sentinel/data/live/latest.jpg'
2026-09-07 12:27:56 | WARNING | Could not write latest frame: [Errno 2] No such file or directory: '/Users/dilliramchaudhary/sentinel/data/live/latest.jpg.tmp.jpg' -> '/Users/dilliramchaudhary/sentinel/data/live/latest.jpg'
2026-09-07 12:28:14 | INFO    | VISIT | Umesh Shahi (Student) @ Laptop Webcam sim=0.455
2026-09-07 12:28:14 | INFO    | Stakeholder gallery loaded: 64 identities
2026-09-07 12:28:25 | WARNING | Could not write latest frame: [Errno 2] No such file or directory: '/Users/dilliramchaudhary/sentinel/data/live/latest.jpg.tmp.jpg' -> '/Users/dilliramchaudhary/sentinel/data/live/latest.jpg'
2026-09-07 12:28:26 | WARNING | Could not write latest frame: [Errno 2] No such file or directory: '/Users/dilliramchaudhary/sentinel/data/live/latest.jpg.tmp.jpg' -> '/Users/dilliramchaudhary/sentinel/data/live/latest.jpg'
2026-09-07 12:28:26 | WARNING | Could not write latest frame: [Errno 2] No such file or directory: '/Users/dilliramchaudhary/sentinel/data/live/latest.jpg.tmp.jpg' -> '/Users/dilliramchaudhary/sentinel/data/live/latest.jpg'
2026-09-07 12:28:26 | WARNING | Could not write latest frame: [Errno 2] No such file or directory: '/Users/dilliramchaudhary/sentinel/data/live/latest.jpg.tmp.jpg' -> '/Users/dilliramchaudhary/sentinel/data/live/latest.jpg'
2026-09-07 12:28:26 | WARNING | Could not write latest frame: [Errno 2] No such file or directory: '/Users/dilliramchaudhary/sentinel/data/live/latest.jpg.tmp.jpg' -> '/Users/dilliramchaudhary/sentinel/data/live/latest.jpg'
2026-09-07 12:28:26 | WARNING | Could not write latest frame: [Errno 2] No such file or directory: '/Users/dilliramchaudhary/sentinel/data/live/latest.jpg.tmp.jpg' -> '/Users/dilliramchaudhary/sentinel/data/live/latest.jpg'
2026-09-07 12:28:26 | WARNING | Could not write latest frame: [Errno 2] No such file or directory: '/Users/dilliramchaudhary/sentinel/data/live/latest.jpg.tmp.jpg' -> '/Users/dilliramchaudhary/sentinel/data/live/latest.jpg'
2026-09-07 12:28:26 | WARNING | Could not write latest frame: [Errno 2] No such file or directory: '/Users/dilliramchaudhary/sentinel/data/live/latest.jpg.tmp.jpg' -> '/Users/dilliramchaudhary/sentinel/data/live/latest.jpg'
2026-09-07 12:28:27 | WARNING | Could not write latest frame: [Errno 2] No such file or directory: '/Users/dilliramchaudhary/sentinel/data/live/latest.jpg.tmp.jpg' -> '/Users/dilliramchaudhary/sentinel/data/live/latest.jpg'
2026-09-07 12:28:27 | WARNING | Could not write latest frame: [Errno 2] No such file or directory: '/Users/dilliramchaudhary/sentinel/data/live/latest.jpg.tmp.jpg' -> '/Users/dilliramchaudhary/sentinel/data/live/latest.jpg'
2026-09-07 12:28:27 | WARNING | Could not write latest frame: [Errno 2] No such file or directory: '/Users/dilliramchaudhary/sentinel/data/live/latest.jpg.tmp.jpg' -> '/Users/dilliramchaudhary/sentinel/data/live/latest.jpg'
2026-09-07 12:28:27 | WARNING | Could not write latest frame: [Errno 2] No such file or directory: '/Users/dilliramchaudhary/sentinel/data/live/latest.jpg.tmp.jpg' -> '/Users/dilliramchaudhary/sentinel/data/live/latest.jpg'
2026-09-07 12:28:27 | WARNING | Could not write latest frame: [Errno 2] No such file or directory: '/Users/dilliramchaudhary/sentinel/data/live/latest.jpg.tmp.jpg' -> '/Users/dilliramchaudhary/sentinel/data/live/latest.jpg'
2026-09-07 12:28:27 | WARNING | Could not write latest frame: [Errno 2] No such file or directory: '/Users/dilliramchaudhary/sentinel/data/live/latest.jpg.tmp.jpg' -> '/Users/dilliramchaudhary/sentinel/data/live/latest.jpg'
2026-09-07 12:28:27 | WARNING | Could not write latest frame: [Errno 2] No such file or directory: '/Users/dilliramchaudhary/sentinel/data/live/latest.jpg.tmp.jpg' -> '/Users/dilliramchaudhary/sentinel/data/live/latest.jpg'
2026-09-07 12:28:27 | WARNING | Could not write latest frame: [Errno 2] No such file or directory: '/Users/dilliramchaudhary/sentinel/data/live/latest.jpg.tmp.jpg' -> '/Users/dilliramchaudhary/sentinel/data/live/latest.jpg'
2026-09-07 12:28:28 | WARNING | Could not write latest frame: [Errno 2] No such file or directory: '/Users/dilliramchaudhary/sentinel/data/live/latest.jpg.tmp.jpg' -> '/Users/dilliramchaudhary/sentinel/data/live/latest.jpg'
2026-09-07 12:28:28 | WARNING | Could not write latest frame: [Errno 2] No such file or directory: '/Users/dilliramchaudhary/sentinel/data/live/latest.jpg.tmp.jpg' -> '/Users/dilliramchaudhary/sentinel/data/live/latest.jpg'
2026-09-07 12:28:28 | WARNING | Could not write latest frame: [Errno 2] No such file or directory: '/Users/dilliramchaudhary/sentinel/data/live/latest.jpg.tmp.jpg' -> '/Users/dilliramchaudhary/sentinel/data/live/latest.jpg'
2026-09-07 12:28:28 | WARNING | Could not write latest frame: [Errno 2] No such file or directory: '/Users/dilliramchaudhary/sentinel/data/live/latest.jpg.tmp.jpg' -> '/Users/dilliramchaudhary/sentinel/data/live/latest.jpg'
2026-09-07 12:28:28 | WARNING | Could not write latest frame: [Errno 2] No such file or directory: '/Users/dilliramchaudhary/sentinel/data/live/latest.jpg.tmp.jpg' -> '/Users/dilliramchaudhary/sentinel/data/live/latest.jpg'
2026-09-07 12:28:31 | WARNING | Could not write latest frame: [Errno 2] No such file or directory: '/Users/dilliramchaudhary/sentinel/data/live/latest.jpg.tmp.jpg' -> '/Users/dilliramchaudhary/sentinel/data/live/latest.jpg'
2026-09-07 12:28:31 | WARNING | Could not write latest frame: [Errno 2] No such file or directory: '/Users/dilliramchaudhary/sentinel/data/live/latest.jpg.tmp.jpg' -> '/Users/dilliramchaudhary/sentinel/data/live/latest.jpg'
2026-09-07 12:28:31 | WARNING | Could not write latest frame: [Errno 2] No such file or directory: '/Users/dilliramchaudhary/sentinel/data/live/latest.jpg.tmp.jpg' -> '/Users/dilliramchaudhary/sentinel/data/live/latest.jpg'
2026-09-07 12:28:37 | INFO    | Initializing YOLO...
2026-09-07 12:28:37 | INFO    | Loading YOLOv8 model: yolov8n.pt
2026-09-07 12:28:37 | INFO    | YOLO device: mps
2026-09-07 12:28:37 | INFO    | Initializing InsightFace...
2026-09-07 12:28:37 | INFO    | Loading InsightFace model pack: buffalo_s
2026-09-07 12:28:37 | INFO    | InsightFace providers: ['CoreMLExecutionProvider', 'CPUExecutionProvider']
2026-09-07 12:28:42 | INFO    | InsightFace model initialized successfully.
2026-09-07 12:28:42 | INFO    | Stakeholder gallery loaded: 64 identities
2026-09-07 12:28:43 | INFO    | ================================================
2026-09-07 12:28:43 | INFO    | Surveillance started
2026-09-07 12:28:43 | INFO    | Source: '/Users/dilliramchaudhary/sentinel/data/videos/VID_20260907_095751.mp4'
2026-09-07 12:28:43 | INFO    | Location: Laptop Webcam
2026-09-07 12:28:43 | INFO    | AI device: mps
2026-09-07 12:28:43 | INFO    | Frame processing interval: every 2 frame(s)
2026-09-07 12:28:43 | INFO    | Live frame output: 12.0 FPS
2026-09-07 12:28:43 | INFO    | ================================================
2026-09-07 12:28:43 | INFO    | Surveillance interrupted.
2026-09-07 12:28:43 | INFO    | ================================================
2026-09-07 12:28:43 | INFO    | Surveillance stopped.
2026-09-07 12:28:43 | INFO    | Camera frames: 2
2026-09-07 12:28:43 | INFO    | AI frames: 0
2026-09-07 12:28:43 | INFO    | ================================================
2026-09-07 12:28:54 | INFO    | Surveillance interrupted.
2026-09-07 12:28:54 | INFO    | ================================================
2026-09-07 12:28:54 | INFO    | Surveillance stopped.
2026-09-07 12:28:54 | INFO    | Camera frames: 61482
2026-09-07 12:28:54 | INFO    | AI frames: 30740
2026-09-07 12:28:54 | INFO    | ================================================
2026-09-07 12:47:24 | INFO    | Initializing YOLO...
2026-09-07 12:47:24 | INFO    | Loading YOLOv8 model: yolov8n.pt
2026-09-07 12:47:24 | INFO    | YOLO device: mps
2026-09-07 12:47:24 | INFO    | Initializing InsightFace...
2026-09-07 12:47:24 | INFO    | Loading InsightFace model pack: buffalo_s
2026-09-07 12:47:24 | INFO    | InsightFace providers: ['CoreMLExecutionProvider', 'CPUExecutionProvider']
2026-09-07 12:47:29 | INFO    | InsightFace model initialized successfully.
2026-09-07 12:47:29 | INFO    | Stakeholder gallery loaded: 64 identities
2026-09-07 12:47:29 | INFO    | ================================================
2026-09-07 12:47:29 | INFO    | Surveillance started
2026-09-07 12:47:29 | INFO    | Source: '/Users/dilliramchaudhary/sentinel/data/videos/VID_20260907_095751.mp4'
2026-09-07 12:47:29 | INFO    | Location: Laptop Webcam
2026-09-07 12:47:29 | INFO    | AI device: mps
2026-09-07 12:47:29 | INFO    | Frame processing interval: every 2 frame(s)
2026-09-07 12:47:29 | INFO    | Live frame output: 12.0 FPS
2026-09-07 12:47:29 | INFO    | ================================================
2026-09-07 12:47:31 | INFO    | VISIT | Umesh Shahi (Student) @ Laptop Webcam sim=0.470
2026-09-07 12:48:29 | INFO    | Stakeholder gallery loaded: 64 identities
2026-09-07 12:48:31 | INFO    | VISIT | Umesh Shahi (Student) @ Laptop Webcam sim=0.455
2026-09-07 12:49:29 | INFO    | Stakeholder gallery loaded: 64 identities
2026-09-07 12:49:31 | INFO    | VISIT | Umesh Shahi (Student) @ Laptop Webcam sim=0.455
2026-09-07 12:50:29 | INFO    | Stakeholder gallery loaded: 64 identities
2026-09-07 12:50:31 | INFO    | VISIT | Umesh Shahi (Student) @ Laptop Webcam sim=0.455
2026-09-07 12:51:29 | INFO    | Stakeholder gallery loaded: 64 identities
2026-09-07 12:51:31 | INFO    | VISIT | Umesh Shahi (Student) @ Laptop Webcam sim=0.455
2026-09-07 12:52:29 | INFO    | Stakeholder gallery loaded: 64 identities
2026-09-07 12:52:32 | INFO    | VISIT | Umesh Shahi (Student) @ Laptop Webcam sim=0.455
2026-09-07 12:53:29 | INFO    | Stakeholder gallery loaded: 64 identities
2026-09-07 12:53:32 | INFO    | VISIT | Umesh Shahi (Student) @ Laptop Webcam sim=0.455
2026-09-07 12:54:29 | INFO    | Stakeholder gallery loaded: 64 identities
2026-09-07 12:54:32 | INFO    | VISIT | Umesh Shahi (Student) @ Laptop Webcam sim=0.455
2026-09-07 12:55:29 | INFO    | Stakeholder gallery loaded: 64 identities
2026-09-07 12:55:32 | INFO    | VISIT | Umesh Shahi (Student) @ Laptop Webcam sim=0.455
2026-09-07 12:56:29 | INFO    | Stakeholder gallery loaded: 64 identities
2026-09-07 12:56:32 | INFO    | VISIT | Umesh Shahi (Student) @ Laptop Webcam sim=0.455
2026-09-07 12:57:29 | INFO    | Stakeholder gallery loaded: 64 identities
2026-09-07 12:57:32 | INFO    | VISIT | Umesh Shahi (Student) @ Laptop Webcam sim=0.455
2026-09-07 12:58:29 | INFO    | Stakeholder gallery loaded: 64 identities
2026-09-07 12:58:32 | INFO    | VISIT | Umesh Shahi (Student) @ Laptop Webcam sim=0.455
2026-09-07 12:59:29 | INFO    | Stakeholder gallery loaded: 64 identities
2026-09-07 12:59:32 | INFO    | VISIT | Umesh Shahi (Student) @ Laptop Webcam sim=0.455
2026-09-07 13:00:29 | INFO    | Stakeholder gallery loaded: 64 identities
2026-09-07 13:00:32 | INFO    | VISIT | Umesh Shahi (Student) @ Laptop Webcam sim=0.455
2026-09-07 13:01:29 | INFO    | Stakeholder gallery loaded: 64 identities
2026-09-07 13:01:32 | INFO    | VISIT | Umesh Shahi (Student) @ Laptop Webcam sim=0.455
2026-09-07 13:02:29 | INFO    | Stakeholder gallery loaded: 64 identities
2026-09-07 13:02:32 | INFO    | VISIT | Umesh Shahi (Student) @ Laptop Webcam sim=0.455
2026-09-07 13:03:29 | INFO    | Stakeholder gallery loaded: 64 identities
2026-09-07 13:03:32 | INFO    | VISIT | Umesh Shahi (Student) @ Laptop Webcam sim=0.455
2026-09-07 13:04:29 | INFO    | Stakeholder gallery loaded: 64 identities
2026-09-07 13:04:32 | INFO    | VISIT | Umesh Shahi (Student) @ Laptop Webcam sim=0.455
2026-09-07 13:05:29 | INFO    | Stakeholder gallery loaded: 64 identities
2026-09-07 13:05:32 | INFO    | VISIT | Umesh Shahi (Student) @ Laptop Webcam sim=0.455
2026-09-07 13:06:29 | INFO    | Stakeholder gallery loaded: 64 identities
2026-09-07 13:06:32 | INFO    | VISIT | Umesh Shahi (Student) @ Laptop Webcam sim=0.455
2026-09-07 13:07:29 | INFO    | Stakeholder gallery loaded: 64 identities
2026-09-07 13:07:32 | INFO    | VISIT | Umesh Shahi (Student) @ Laptop Webcam sim=0.455
2026-09-07 13:07:42 | INFO    | Surveillance interrupted.
2026-09-07 13:07:42 | INFO    | ================================================
2026-09-07 13:07:42 | INFO    | Surveillance stopped.
2026-09-07 13:07:42 | INFO    | Camera frames: 63512
2026-09-07 13:07:42 | INFO    | AI frames: 31755
2026-09-07 13:07:42 | INFO    | ================================================
2026-09-17 21:54:59 | INFO    | Initializing YOLO...
2026-09-17 21:54:59 | INFO    | Loading YOLOv8 model: yolov8n.pt
2026-09-17 21:54:59 | INFO    | YOLO device: mps
2026-09-17 21:54:59 | INFO    | Initializing InsightFace...
2026-09-17 21:54:59 | INFO    | Loading InsightFace model pack: buffalo_s
2026-09-17 21:54:59 | INFO    | InsightFace providers: ['CoreMLExecutionProvider', 'CPUExecutionProvider']
2026-09-17 21:55:06 | INFO    | InsightFace model initialized successfully.
2026-09-17 21:55:06 | INFO    | Stakeholder gallery loaded: 64 identities
2026-09-17 21:55:06 | INFO    | Trying webcam index 0...
2026-09-17 21:55:08 | INFO    | Webcam 0 opened: 1920x1080
2026-09-17 21:55:08 | INFO    | ================================================
2026-09-17 21:55:08 | INFO    | Surveillance started
2026-09-17 21:55:08 | INFO    | Source: 0
2026-09-17 21:55:08 | INFO    | Location: MBUST Lab
2026-09-17 21:55:08 | INFO    | AI device: mps
2026-09-17 21:55:08 | INFO    | Frame processing interval: every 2 frame(s)
2026-09-17 21:55:08 | INFO    | Live frame output: 12.0 FPS
2026-09-17 21:55:08 | INFO    | ================================================
2026-09-17 21:55:19 | INFO    | VISIT | Dilli Ram Chaudhary (Student) @ MBUST Lab sim=0.696
2026-09-17 21:56:01 | WARNING | UNKNOWN person registered @ MBUST Lab -> /Users/dilliramchaudhary/sentinel/data/unknown_faces/unknown_20260917_215601_682557.jpg
2026-09-17 21:56:04 | WARNING | UNKNOWN person registered @ MBUST Lab -> /Users/dilliramchaudhary/sentinel/data/unknown_faces/unknown_20260917_215604_287566.jpg
2026-09-17 21:56:04 | WARNING | UNKNOWN person registered @ MBUST Lab -> /Users/dilliramchaudhary/sentinel/data/unknown_faces/unknown_20260917_215604_590086.jpg
2026-09-17 21:56:04 | WARNING | UNKNOWN person registered @ MBUST Lab -> /Users/dilliramchaudhary/sentinel/data/unknown_faces/unknown_20260917_215604_745562.jpg
2026-09-17 21:56:06 | INFO    | Stakeholder gallery loaded: 64 identities
2026-09-17 21:56:07 | WARNING | UNKNOWN person registered @ MBUST Lab -> /Users/dilliramchaudhary/sentinel/data/unknown_faces/unknown_20260917_215607_119038.jpg
2026-09-17 21:56:07 | WARNING | UNKNOWN person registered @ MBUST Lab -> /Users/dilliramchaudhary/sentinel/data/unknown_faces/unknown_20260917_215607_645678.jpg
2026-09-17 21:56:13 | WARNING | UNKNOWN person registered @ MBUST Lab -> /Users/dilliramchaudhary/sentinel/data/unknown_faces/unknown_20260917_215613_845567.jpg
2026-09-17 21:56:14 | WARNING | UNKNOWN person registered @ MBUST Lab -> /Users/dilliramchaudhary/sentinel/data/unknown_faces/unknown_20260917_215614_083263.jpg
2026-09-17 21:56:14 | WARNING | UNKNOWN person registered @ MBUST Lab -> /Users/dilliramchaudhary/sentinel/data/unknown_faces/unknown_20260917_215614_515154.jpg
2026-09-17 21:56:15 | WARNING | UNKNOWN person registered @ MBUST Lab -> /Users/dilliramchaudhary/sentinel/data/unknown_faces/unknown_20260917_215615_745558.jpg
2026-09-17 21:56:19 | INFO    | VISIT | Dilli Ram Chaudhary (Student) @ MBUST Lab sim=0.678
2026-09-17 21:56:22 | WARNING | UNKNOWN person registered @ MBUST Lab -> /Users/dilliramchaudhary/sentinel/data/unknown_faces/unknown_20260917_215622_985216.jpg
2026-09-17 21:56:23 | WARNING | UNKNOWN person registered @ MBUST Lab -> /Users/dilliramchaudhary/sentinel/data/unknown_faces/unknown_20260917_215623_564515.jpg
2026-09-17 21:56:24 | WARNING | UNKNOWN person registered @ MBUST Lab -> /Users/dilliramchaudhary/sentinel/data/unknown_faces/unknown_20260917_215624_182476.jpg
2026-09-17 21:56:32 | WARNING | UNKNOWN person registered @ MBUST Lab -> /Users/dilliramchaudhary/sentinel/data/unknown_faces/unknown_20260917_215632_153615.jpg
2026-09-17 21:57:06 | INFO    | Stakeholder gallery loaded: 64 identities
2026-09-17 21:57:19 | INFO    | VISIT | Dilli Ram Chaudhary (Student) @ MBUST Lab sim=0.734
2026-09-17 21:57:27 | WARNING | UNKNOWN person registered @ MBUST Lab -> /Users/dilliramchaudhary/sentinel/data/unknown_faces/unknown_20260917_215727_247715.jpg
2026-09-17 21:57:28 | WARNING | UNKNOWN person registered @ MBUST Lab -> /Users/dilliramchaudhary/sentinel/data/unknown_faces/unknown_20260917_215728_752078.jpg
2026-09-17 21:57:28 | WARNING | UNKNOWN person registered @ MBUST Lab -> /Users/dilliramchaudhary/sentinel/data/unknown_faces/unknown_20260917_215728_887465.jpg
2026-09-17 21:57:29 | WARNING | UNKNOWN person registered @ MBUST Lab -> /Users/dilliramchaudhary/sentinel/data/unknown_faces/unknown_20260917_215729_214234.jpg
2026-09-17 21:57:30 | WARNING | UNKNOWN person registered @ MBUST Lab -> /Users/dilliramchaudhary/sentinel/data/unknown_faces/unknown_20260917_215730_157059.jpg
2026-09-17 21:57:31 | INFO    | VISIT | Umesh Shahi (Student) @ MBUST Lab sim=0.513
2026-09-17 21:57:32 | WARNING | UNKNOWN person registered @ MBUST Lab -> /Users/dilliramchaudhary/sentinel/data/unknown_faces/unknown_20260917_215732_011537.jpg
2026-09-17 21:57:32 | WARNING | UNKNOWN person registered @ MBUST Lab -> /Users/dilliramchaudhary/sentinel/data/unknown_faces/unknown_20260917_215732_130341.jpg
2026-09-17 21:57:33 | WARNING | UNKNOWN person registered @ MBUST Lab -> /Users/dilliramchaudhary/sentinel/data/unknown_faces/unknown_20260917_215733_351587.jpg
2026-09-17 21:57:46 | WARNING | UNKNOWN person registered @ MBUST Lab -> /Users/dilliramchaudhary/sentinel/data/unknown_faces/unknown_20260917_215746_369618.jpg
2026-09-17 21:57:46 | WARNING | UNKNOWN person registered @ MBUST Lab -> /Users/dilliramchaudhary/sentinel/data/unknown_faces/unknown_20260917_215746_549752.jpg
2026-09-17 21:57:46 | WARNING | UNKNOWN person registered @ MBUST Lab -> /Users/dilliramchaudhary/sentinel/data/unknown_faces/unknown_20260917_215746_709919.jpg
2026-09-17 21:57:46 | WARNING | UNKNOWN person registered @ MBUST Lab -> /Users/dilliramchaudhary/sentinel/data/unknown_faces/unknown_20260917_215746_971195.jpg
2026-09-17 21:57:47 | WARNING | UNKNOWN person registered @ MBUST Lab -> /Users/dilliramchaudhary/sentinel/data/unknown_faces/unknown_20260917_215747_554058.jpg
2026-09-17 21:57:47 | WARNING | UNKNOWN person registered @ MBUST Lab -> /Users/dilliramchaudhary/sentinel/data/unknown_faces/unknown_20260917_215747_974683.jpg
2026-09-17 21:57:48 | WARNING | UNKNOWN person registered @ MBUST Lab -> /Users/dilliramchaudhary/sentinel/data/unknown_faces/unknown_20260917_215748_602472.jpg
2026-09-17 21:57:49 | WARNING | UNKNOWN person registered @ MBUST Lab -> /Users/dilliramchaudhary/sentinel/data/unknown_faces/unknown_20260917_215749_556485.jpg
2026-09-17 21:57:49 | WARNING | UNKNOWN person registered @ MBUST Lab -> /Users/dilliramchaudhary/sentinel/data/unknown_faces/unknown_20260917_215749_698867.jpg
2026-09-17 21:57:50 | WARNING | UNKNOWN person registered @ MBUST Lab -> /Users/dilliramchaudhary/sentinel/data/unknown_faces/unknown_20260917_215750_370701.jpg
2026-09-17 21:57:51 | WARNING | UNKNOWN person registered @ MBUST Lab -> /Users/dilliramchaudhary/sentinel/data/unknown_faces/unknown_20260917_215750_990504.jpg
2026-09-17 21:57:51 | WARNING | UNKNOWN person registered @ MBUST Lab -> /Users/dilliramchaudhary/sentinel/data/unknown_faces/unknown_20260917_215751_162576.jpg
2026-09-17 21:57:51 | WARNING | UNKNOWN person registered @ MBUST Lab -> /Users/dilliramchaudhary/sentinel/data/unknown_faces/unknown_20260917_215751_700521.jpg
2026-09-17 21:57:51 | WARNING | UNKNOWN person registered @ MBUST Lab -> /Users/dilliramchaudhary/sentinel/data/unknown_faces/unknown_20260917_215751_833403.jpg
2026-09-17 21:57:51 | WARNING | UNKNOWN person registered @ MBUST Lab -> /Users/dilliramchaudhary/sentinel/data/unknown_faces/unknown_20260917_215751_992424.jpg
2026-09-17 21:57:52 | WARNING | UNKNOWN person registered @ MBUST Lab -> /Users/dilliramchaudhary/sentinel/data/unknown_faces/unknown_20260917_215752_570258.jpg
2026-09-17 21:57:56 | WARNING | UNKNOWN person registered @ MBUST Lab -> /Users/dilliramchaudhary/sentinel/data/unknown_faces/unknown_20260917_215756_195992.jpg
2026-09-17 21:57:57 | WARNING | UNKNOWN person registered @ MBUST Lab -> /Users/dilliramchaudhary/sentinel/data/unknown_faces/unknown_20260917_215757_602063.jpg
2026-09-17 21:57:58 | WARNING | UNKNOWN person registered @ MBUST Lab -> /Users/dilliramchaudhary/sentinel/data/unknown_faces/unknown_20260917_215758_079390.jpg
2026-09-17 21:58:06 | INFO    | Stakeholder gallery loaded: 64 identities
2026-09-17 21:58:18 | INFO    | Quit requested.
2026-09-17 21:58:19 | INFO    | ================================================
2026-09-17 21:58:19 | INFO    | Surveillance stopped.
2026-09-17 21:58:19 | INFO    | Camera frames: 2852
2026-09-17 21:58:19 | INFO    | AI frames: 1426
2026-09-17 21:58:19 | INFO    | ================================================
2026-09-17 22:22:56 | INFO    | Initializing YOLO...
2026-09-17 22:22:56 | INFO    | Loading YOLOv8 model: yolov8n.pt
2026-09-17 22:22:56 | INFO    | YOLO device: mps
2026-09-17 22:22:56 | INFO    | Initializing InsightFace...
2026-09-17 22:22:56 | INFO    | Loading InsightFace model pack: buffalo_s
2026-09-17 22:22:56 | INFO    | InsightFace providers: ['CoreMLExecutionProvider', 'CPUExecutionProvider']
2026-09-17 22:23:04 | INFO    | InsightFace model initialized successfully.
2026-09-17 22:23:04 | INFO    | Stakeholder gallery loaded: 64 identities
2026-09-17 22:23:04 | INFO    | Trying webcam index 0...
2026-09-17 22:23:05 | INFO    | Webcam 0 opened: 1920x1080
2026-09-17 22:23:05 | INFO    | ================================================
2026-09-17 22:23:05 | INFO    | Surveillance started
2026-09-17 22:23:05 | INFO    | Source: 0
2026-09-17 22:23:05 | INFO    | Location: MBUST Lab
2026-09-17 22:23:05 | INFO    | AI device: mps
2026-09-17 22:23:05 | INFO    | Frame processing interval: every 2 frame(s)
2026-09-17 22:23:05 | INFO    | Live frame output: 12.0 FPS
2026-09-17 22:23:05 | INFO    | ================================================
2026-09-17 22:23:22 | INFO    | VISIT | Dilli Ram Chaudhary (Student) @ MBUST Lab sim=0.623
2026-09-17 22:24:04 | INFO    | Stakeholder gallery loaded: 64 identities
2026-09-17 22:24:22 | INFO    | VISIT | Dilli Ram Chaudhary (Student) @ MBUST Lab sim=0.697
2026-09-17 22:25:04 | INFO    | Stakeholder gallery loaded: 64 identities
2026-09-17 22:25:22 | INFO    | VISIT | Dilli Ram Chaudhary (Student) @ MBUST Lab sim=0.681
2026-09-17 22:26:04 | INFO    | Stakeholder gallery loaded: 64 identities
2026-09-17 22:26:22 | INFO    | VISIT | Dilli Ram Chaudhary (Student) @ MBUST Lab sim=0.663
2026-09-17 22:26:29 | INFO    | Quit requested.
2026-09-17 22:26:30 | INFO    | ================================================
2026-09-17 22:26:30 | INFO    | Surveillance stopped.
2026-09-17 22:26:30 | INFO    | Camera frames: 2019
2026-09-17 22:26:30 | INFO    | AI frames: 1009
2026-09-17 22:26:30 | INFO    | ================================================
2026-09-17 22:26:42 | INFO    | Initializing YOLO...
2026-09-17 22:26:42 | INFO    | Loading YOLOv8 model: yolov8n.pt
2026-09-17 22:26:42 | INFO    | YOLO device: mps
2026-09-17 22:26:42 | INFO    | Initializing InsightFace...
2026-09-17 22:26:42 | INFO    | Loading InsightFace model pack: buffalo_s
2026-09-17 22:26:42 | INFO    | InsightFace providers: ['CoreMLExecutionProvider', 'CPUExecutionProvider']
2026-09-17 22:26:49 | INFO    | InsightFace model initialized successfully.
2026-09-17 22:26:49 | INFO    | Stakeholder gallery loaded: 64 identities
2026-09-17 22:26:49 | INFO    | ================================================
2026-09-17 22:26:49 | INFO    | Surveillance started
2026-09-17 22:26:49 | INFO    | Source: '/Users/dilliramchaudhary/sentinel/data/videos/VID_20260907_095751.mp4'
2026-09-17 22:26:49 | INFO    | Location: Laptop Webcam
2026-09-17 22:26:49 | INFO    | AI device: mps
2026-09-17 22:26:49 | INFO    | Frame processing interval: every 2 frame(s)
2026-09-17 22:26:49 | INFO    | Live frame output: 12.0 FPS
2026-09-17 22:26:49 | INFO    | ================================================
2026-09-17 22:26:52 | INFO    | VISIT | Umesh Shahi (Student) @ Laptop Webcam sim=0.455
2026-09-17 22:27:02 | INFO    | Initializing YOLO...
2026-09-17 22:27:02 | INFO    | Loading YOLOv8 model: yolov8n.pt
2026-09-17 22:27:02 | INFO    | YOLO device: mps
2026-09-17 22:27:02 | INFO    | Initializing InsightFace...
2026-09-17 22:27:02 | INFO    | Loading InsightFace model pack: buffalo_s
2026-09-17 22:27:02 | INFO    | InsightFace providers: ['CoreMLExecutionProvider', 'CPUExecutionProvider']
2026-09-17 22:27:10 | INFO    | InsightFace model initialized successfully.
2026-09-17 22:27:10 | INFO    | Stakeholder gallery loaded: 64 identities
2026-09-17 22:27:10 | INFO    | ================================================
2026-09-17 22:27:10 | INFO    | Surveillance started
2026-09-17 22:27:10 | INFO    | Source: '/Users/dilliramchaudhary/sentinel/data/videos/VID_20260907_095751.mp4'
2026-09-17 22:27:10 | INFO    | Location: Laptop Webcam
2026-09-17 22:27:10 | INFO    | AI device: mps
2026-09-17 22:27:10 | INFO    | Frame processing interval: every 2 frame(s)
2026-09-17 22:27:10 | INFO    | Live frame output: 12.0 FPS
2026-09-17 22:27:10 | INFO    | ================================================
2026-09-17 22:27:16 | INFO    | VISIT | Umesh Shahi (Student) @ Laptop Webcam sim=0.501
2026-09-17 22:28:10 | INFO    | Stakeholder gallery loaded: 64 identities
2026-09-17 22:28:16 | INFO    | VISIT | Umesh Shahi (Student) @ Laptop Webcam sim=0.455
2026-09-17 22:29:06 | INFO    | Initializing YOLO...
2026-09-17 22:29:06 | INFO    | Loading YOLOv8 model: yolov8n.pt
2026-09-17 22:29:06 | INFO    | YOLO device: mps
2026-09-17 22:29:06 | INFO    | Initializing InsightFace...
2026-09-17 22:29:06 | INFO    | Loading InsightFace model pack: buffalo_s
2026-09-17 22:29:06 | INFO    | InsightFace providers: ['CoreMLExecutionProvider', 'CPUExecutionProvider']
2026-09-17 22:29:10 | INFO    | Stakeholder gallery loaded: 64 identities
2026-09-17 22:29:16 | INFO    | VISIT | Umesh Shahi (Student) @ Laptop Webcam sim=0.455
2026-09-17 22:29:17 | INFO    | InsightFace model initialized successfully.
2026-09-17 22:29:17 | INFO    | Stakeholder gallery loaded: 64 identities
2026-09-17 22:29:17 | INFO    | Trying webcam index 0...
2026-09-17 22:29:21 | INFO    | Webcam 0 opened: 1920x1080
2026-09-17 22:29:21 | INFO    | ================================================
2026-09-17 22:29:21 | INFO    | Surveillance started
2026-09-17 22:29:21 | INFO    | Source: 0
2026-09-17 22:29:21 | INFO    | Location: MBUST Lab
2026-09-17 22:29:21 | INFO    | AI device: mps
2026-09-17 22:29:21 | INFO    | Frame processing interval: every 2 frame(s)
2026-09-17 22:29:21 | INFO    | Live frame output: 12.0 FPS
2026-09-17 22:29:21 | INFO    | ================================================
2026-09-17 22:29:41 | INFO    | VISIT | Dilli Ram Chaudhary (Student) @ MBUST Lab sim=0.621
2026-09-17 22:29:42 | WARNING | Could not write latest frame: [Errno 2] No such file or directory: '/Users/dilliramchaudhary/sentinel/data/live/latest.jpg.tmp.jpg' -> '/Users/dilliramchaudhary/sentinel/data/live/latest.jpg'
2026-09-17 22:29:51 | WARNING | Could not write latest frame: [Errno 2] No such file or directory: '/Users/dilliramchaudhary/sentinel/data/live/latest.jpg.tmp.jpg' -> '/Users/dilliramchaudhary/sentinel/data/live/latest.jpg'
2026-09-17 22:29:54 | WARNING | Could not write latest frame: [Errno 2] No such file or directory: '/Users/dilliramchaudhary/sentinel/data/live/latest.jpg.tmp.jpg' -> '/Users/dilliramchaudhary/sentinel/data/live/latest.jpg'
2026-09-17 22:30:08 | WARNING | Could not write latest frame: [Errno 2] No such file or directory: '/Users/dilliramchaudhary/sentinel/data/live/latest.jpg.tmp.jpg' -> '/Users/dilliramchaudhary/sentinel/data/live/latest.jpg'
2026-09-17 22:30:11 | WARNING | Could not write latest frame: [Errno 2] No such file or directory: '/Users/dilliramchaudhary/sentinel/data/live/latest.jpg.tmp.jpg' -> '/Users/dilliramchaudhary/sentinel/data/live/latest.jpg'
2026-09-17 22:30:12 | INFO    | Stakeholder gallery loaded: 64 identities
2026-09-17 22:30:16 | INFO    | VISIT | Umesh Shahi (Student) @ Laptop Webcam sim=0.455
2026-09-17 22:30:16 | WARNING | Could not write latest frame: [Errno 2] No such file or directory: '/Users/dilliramchaudhary/sentinel/data/live/latest.jpg.tmp.jpg' -> '/Users/dilliramchaudhary/sentinel/data/live/latest.jpg'
2026-09-17 22:30:17 | WARNING | Could not write latest frame: [Errno 2] No such file or directory: '/Users/dilliramchaudhary/sentinel/data/live/latest.jpg.tmp.jpg' -> '/Users/dilliramchaudhary/sentinel/data/live/latest.jpg'
2026-09-17 22:30:17 | INFO    | Stakeholder gallery loaded: 64 identities
2026-09-17 22:30:25 | WARNING | Could not write latest frame: [Errno 2] No such file or directory: '/Users/dilliramchaudhary/sentinel/data/live/latest.jpg.tmp.jpg' -> '/Users/dilliramchaudhary/sentinel/data/live/latest.jpg'
2026-09-17 22:30:26 | WARNING | Could not write latest frame: [Errno 2] No such file or directory: '/Users/dilliramchaudhary/sentinel/data/live/latest.jpg.tmp.jpg' -> '/Users/dilliramchaudhary/sentinel/data/live/latest.jpg'
2026-09-17 22:30:32 | WARNING | Could not write latest frame: [Errno 2] No such file or directory: '/Users/dilliramchaudhary/sentinel/data/live/latest.jpg.tmp.jpg' -> '/Users/dilliramchaudhary/sentinel/data/live/latest.jpg'
2026-09-17 22:30:32 | WARNING | Could not write latest frame: [Errno 2] No such file or directory: '/Users/dilliramchaudhary/sentinel/data/live/latest.jpg.tmp.jpg' -> '/Users/dilliramchaudhary/sentinel/data/live/latest.jpg'
2026-09-17 22:30:33 | WARNING | Could not write latest frame: [Errno 2] No such file or directory: '/Users/dilliramchaudhary/sentinel/data/live/latest.jpg.tmp.jpg' -> '/Users/dilliramchaudhary/sentinel/data/live/latest.jpg'
2026-09-17 22:30:34 | WARNING | Could not write latest frame: [Errno 2] No such file or directory: '/Users/dilliramchaudhary/sentinel/data/live/latest.jpg.tmp.jpg' -> '/Users/dilliramchaudhary/sentinel/data/live/latest.jpg'
2026-09-17 22:30:35 | WARNING | Could not write latest frame: [Errno 2] No such file or directory: '/Users/dilliramchaudhary/sentinel/data/live/latest.jpg.tmp.jpg' -> '/Users/dilliramchaudhary/sentinel/data/live/latest.jpg'
2026-09-17 22:30:41 | WARNING | Could not write latest frame: [Errno 2] No such file or directory: '/Users/dilliramchaudhary/sentinel/data/live/latest.jpg.tmp.jpg' -> '/Users/dilliramchaudhary/sentinel/data/live/latest.jpg'
2026-09-17 22:30:41 | INFO    | VISIT | Dilli Ram Chaudhary (Student) @ MBUST Lab sim=0.643
2026-09-17 22:30:44 | WARNING | Could not write latest frame: [Errno 2] No such file or directory: '/Users/dilliramchaudhary/sentinel/data/live/latest.jpg.tmp.jpg' -> '/Users/dilliramchaudhary/sentinel/data/live/latest.jpg'
2026-09-17 22:30:51 | WARNING | Could not write latest frame: [Errno 2] No such file or directory: '/Users/dilliramchaudhary/sentinel/data/live/latest.jpg.tmp.jpg' -> '/Users/dilliramchaudhary/sentinel/data/live/latest.jpg'
2026-09-17 22:30:53 | WARNING | Could not write latest frame: [Errno 2] No such file or directory: '/Users/dilliramchaudhary/sentinel/data/live/latest.jpg.tmp.jpg' -> '/Users/dilliramchaudhary/sentinel/data/live/latest.jpg'
2026-09-17 22:30:55 | WARNING | Could not write latest frame: [Errno 2] No such file or directory: '/Users/dilliramchaudhary/sentinel/data/live/latest.jpg.tmp.jpg' -> '/Users/dilliramchaudhary/sentinel/data/live/latest.jpg'
2026-09-17 22:30:56 | WARNING | Could not write latest frame: [Errno 2] No such file or directory: '/Users/dilliramchaudhary/sentinel/data/live/latest.jpg.tmp.jpg' -> '/Users/dilliramchaudhary/sentinel/data/live/latest.jpg'
2026-09-17 22:30:56 | WARNING | Could not write latest frame: [Errno 2] No such file or directory: '/Users/dilliramchaudhary/sentinel/data/live/latest.jpg.tmp.jpg' -> '/Users/dilliramchaudhary/sentinel/data/live/latest.jpg'
2026-09-17 22:30:57 | WARNING | Could not write latest frame: [Errno 2] No such file or directory: '/Users/dilliramchaudhary/sentinel/data/live/latest.jpg.tmp.jpg' -> '/Users/dilliramchaudhary/sentinel/data/live/latest.jpg'
2026-09-17 22:30:57 | WARNING | Could not write latest frame: [Errno 2] No such file or directory: '/Users/dilliramchaudhary/sentinel/data/live/latest.jpg.tmp.jpg' -> '/Users/dilliramchaudhary/sentinel/data/live/latest.jpg'
2026-09-17 22:30:57 | WARNING | Could not write latest frame: [Errno 2] No such file or directory: '/Users/dilliramchaudhary/sentinel/data/live/latest.jpg.tmp.jpg' -> '/Users/dilliramchaudhary/sentinel/data/live/latest.jpg'
2026-09-17 22:31:02 | WARNING | Could not write latest frame: [Errno 2] No such file or directory: '/Users/dilliramchaudhary/sentinel/data/live/latest.jpg.tmp.jpg' -> '/Users/dilliramchaudhary/sentinel/data/live/latest.jpg'
2026-09-17 22:31:02 | WARNING | Could not write latest frame: [Errno 2] No such file or directory: '/Users/dilliramchaudhary/sentinel/data/live/latest.jpg.tmp.jpg' -> '/Users/dilliramchaudhary/sentinel/data/live/latest.jpg'
2026-09-17 22:31:04 | WARNING | Could not write latest frame: [Errno 2] No such file or directory: '/Users/dilliramchaudhary/sentinel/data/live/latest.jpg.tmp.jpg' -> '/Users/dilliramchaudhary/sentinel/data/live/latest.jpg'
2026-09-17 22:31:05 | WARNING | Could not write latest frame: [Errno 2] No such file or directory: '/Users/dilliramchaudhary/sentinel/data/live/latest.jpg.tmp.jpg' -> '/Users/dilliramchaudhary/sentinel/data/live/latest.jpg'
2026-09-17 22:31:07 | WARNING | Could not write latest frame: [Errno 2] No such file or directory: '/Users/dilliramchaudhary/sentinel/data/live/latest.jpg.tmp.jpg' -> '/Users/dilliramchaudhary/sentinel/data/live/latest.jpg'
2026-09-17 22:31:09 | WARNING | Could not write latest frame: [Errno 2] No such file or directory: '/Users/dilliramchaudhary/sentinel/data/live/latest.jpg.tmp.jpg' -> '/Users/dilliramchaudhary/sentinel/data/live/latest.jpg'
2026-09-17 22:31:09 | WARNING | Could not write latest frame: [Errno 2] No such file or directory: '/Users/dilliramchaudhary/sentinel/data/live/latest.jpg.tmp.jpg' -> '/Users/dilliramchaudhary/sentinel/data/live/latest.jpg'
2026-09-17 22:31:10 | WARNING | Could not write latest frame: [Errno 2] No such file or directory: '/Users/dilliramchaudhary/sentinel/data/live/latest.jpg.tmp.jpg' -> '/Users/dilliramchaudhary/sentinel/data/live/latest.jpg'
2026-09-17 22:31:11 | WARNING | Could not write latest frame: [Errno 2] No such file or directory: '/Users/dilliramchaudhary/sentinel/data/live/latest.jpg.tmp.jpg' -> '/Users/dilliramchaudhary/sentinel/data/live/latest.jpg'
2026-09-17 22:31:12 | INFO    | Stakeholder gallery loaded: 64 identities
2026-09-17 22:31:16 | INFO    | VISIT | Umesh Shahi (Student) @ Laptop Webcam sim=0.455
2026-09-17 22:31:17 | WARNING | Could not write latest frame: [Errno 2] No such file or directory: '/Users/dilliramchaudhary/sentinel/data/live/latest.jpg.tmp.jpg' -> '/Users/dilliramchaudhary/sentinel/data/live/latest.jpg'
2026-09-17 22:31:17 | INFO    | Stakeholder gallery loaded: 64 identities
2026-09-17 22:31:17 | WARNING | Could not write latest frame: [Errno 2] No such file or directory: '/Users/dilliramchaudhary/sentinel/data/live/latest.jpg.tmp.jpg' -> '/Users/dilliramchaudhary/sentinel/data/live/latest.jpg'
2026-09-17 22:31:19 | WARNING | Could not write latest frame: [Errno 2] No such file or directory: '/Users/dilliramchaudhary/sentinel/data/live/latest.jpg.tmp.jpg' -> '/Users/dilliramchaudhary/sentinel/data/live/latest.jpg'
2026-09-17 22:31:19 | WARNING | Could not write latest frame: [Errno 2] No such file or directory: '/Users/dilliramchaudhary/sentinel/data/live/latest.jpg.tmp.jpg' -> '/Users/dilliramchaudhary/sentinel/data/live/latest.jpg'
2026-09-17 22:31:19 | WARNING | Could not write latest frame: [Errno 2] No such file or directory: '/Users/dilliramchaudhary/sentinel/data/live/latest.jpg.tmp.jpg' -> '/Users/dilliramchaudhary/sentinel/data/live/latest.jpg'
2026-09-17 22:31:20 | WARNING | Could not write latest frame: [Errno 2] No such file or directory: '/Users/dilliramchaudhary/sentinel/data/live/latest.jpg.tmp.jpg' -> '/Users/dilliramchaudhary/sentinel/data/live/latest.jpg'
2026-09-17 22:31:20 | WARNING | Could not write latest frame: [Errno 2] No such file or directory: '/Users/dilliramchaudhary/sentinel/data/live/latest.jpg.tmp.jpg' -> '/Users/dilliramchaudhary/sentinel/data/live/latest.jpg'
2026-09-17 22:31:20 | WARNING | Could not write latest frame: [Errno 2] No such file or directory: '/Users/dilliramchaudhary/sentinel/data/live/latest.jpg.tmp.jpg' -> '/Users/dilliramchaudhary/sentinel/data/live/latest.jpg'
2026-09-17 22:31:20 | WARNING | Could not write latest frame: [Errno 2] No such file or directory: '/Users/dilliramchaudhary/sentinel/data/live/latest.jpg.tmp.jpg' -> '/Users/dilliramchaudhary/sentinel/data/live/latest.jpg'
2026-09-17 22:31:21 | WARNING | Could not write latest frame: [Errno 2] No such file or directory: '/Users/dilliramchaudhary/sentinel/data/live/latest.jpg.tmp.jpg' -> '/Users/dilliramchaudhary/sentinel/data/live/latest.jpg'
2026-09-17 22:31:21 | WARNING | Could not write latest frame: [Errno 2] No such file or directory: '/Users/dilliramchaudhary/sentinel/data/live/latest.jpg.tmp.jpg' -> '/Users/dilliramchaudhary/sentinel/data/live/latest.jpg'
2026-09-17 22:31:21 | WARNING | Could not write latest frame: [Errno 2] No such file or directory: '/Users/dilliramchaudhary/sentinel/data/live/latest.jpg.tmp.jpg' -> '/Users/dilliramchaudhary/sentinel/data/live/latest.jpg'
2026-09-17 22:31:25 | WARNING | Could not write latest frame: [Errno 2] No such file or directory: '/Users/dilliramchaudhary/sentinel/data/live/latest.jpg.tmp.jpg' -> '/Users/dilliramchaudhary/sentinel/data/live/latest.jpg'
2026-09-17 22:31:26 | WARNING | Could not write latest frame: [Errno 2] No such file or directory: '/Users/dilliramchaudhary/sentinel/data/live/latest.jpg.tmp.jpg' -> '/Users/dilliramchaudhary/sentinel/data/live/latest.jpg'
2026-09-17 22:31:28 | WARNING | Could not write latest frame: [Errno 2] No such file or directory: '/Users/dilliramchaudhary/sentinel/data/live/latest.jpg.tmp.jpg' -> '/Users/dilliramchaudhary/sentinel/data/live/latest.jpg'
2026-09-17 22:31:29 | WARNING | Could not write latest frame: [Errno 2] No such file or directory: '/Users/dilliramchaudhary/sentinel/data/live/latest.jpg.tmp.jpg' -> '/Users/dilliramchaudhary/sentinel/data/live/latest.jpg'
2026-09-17 22:31:30 | WARNING | Could not write latest frame: [Errno 2] No such file or directory: '/Users/dilliramchaudhary/sentinel/data/live/latest.jpg.tmp.jpg' -> '/Users/dilliramchaudhary/sentinel/data/live/latest.jpg'
2026-09-17 22:31:33 | WARNING | Could not write latest frame: [Errno 2] No such file or directory: '/Users/dilliramchaudhary/sentinel/data/live/latest.jpg.tmp.jpg' -> '/Users/dilliramchaudhary/sentinel/data/live/latest.jpg'
2026-09-17 22:31:35 | WARNING | Could not write latest frame: [Errno 2] No such file or directory: '/Users/dilliramchaudhary/sentinel/data/live/latest.jpg.tmp.jpg' -> '/Users/dilliramchaudhary/sentinel/data/live/latest.jpg'
2026-09-17 22:31:36 | INFO    | Quit requested.
2026-09-17 22:31:36 | INFO    | ================================================
2026-09-17 22:31:36 | INFO    | Surveillance stopped.
2026-09-17 22:31:36 | INFO    | Camera frames: 1030
2026-09-17 22:31:36 | INFO    | AI frames: 515
2026-09-17 22:31:36 | INFO    | ================================================
2026-09-17 22:32:12 | INFO    | Stakeholder gallery loaded: 64 identities
2026-09-17 22:32:16 | INFO    | VISIT | Umesh Shahi (Student) @ Laptop Webcam sim=0.455
2026-09-17 22:33:12 | INFO    | Stakeholder gallery loaded: 64 identities
2026-09-17 22:33:16 | INFO    | VISIT | Umesh Shahi (Student) @ Laptop Webcam sim=0.455
2026-09-17 22:34:12 | INFO    | Stakeholder gallery loaded: 64 identities
2026-09-17 22:34:16 | INFO    | VISIT | Umesh Shahi (Student) @ Laptop Webcam sim=0.455
2026-09-17 22:35:12 | INFO    | Stakeholder gallery loaded: 64 identities
2026-09-17 22:35:16 | INFO    | VISIT | Umesh Shahi (Student) @ Laptop Webcam sim=0.455
2026-09-17 22:36:12 | INFO    | Stakeholder gallery loaded: 64 identities
2026-09-17 22:36:16 | INFO    | VISIT | Umesh Shahi (Student) @ Laptop Webcam sim=0.455
2026-09-17 22:37:12 | INFO    | Stakeholder gallery loaded: 64 identities
2026-09-17 22:37:16 | INFO    | VISIT | Umesh Shahi (Student) @ Laptop Webcam sim=0.455
2026-09-17 22:38:13 | INFO    | Stakeholder gallery loaded: 64 identities
2026-09-17 22:38:16 | INFO    | VISIT | Umesh Shahi (Student) @ Laptop Webcam sim=0.455
2026-09-17 22:39:13 | INFO    | Stakeholder gallery loaded: 64 identities
2026-09-17 22:39:16 | INFO    | VISIT | Umesh Shahi (Student) @ Laptop Webcam sim=0.455
2026-09-17 22:40:13 | INFO    | Stakeholder gallery loaded: 64 identities
2026-09-17 22:40:16 | INFO    | VISIT | Umesh Shahi (Student) @ Laptop Webcam sim=0.455
2026-09-17 22:41:13 | INFO    | Stakeholder gallery loaded: 64 identities
2026-09-17 22:41:17 | INFO    | VISIT | Umesh Shahi (Student) @ Laptop Webcam sim=0.455
2026-09-17 22:42:13 | INFO    | Stakeholder gallery loaded: 64 identities
2026-09-17 22:42:17 | INFO    | VISIT | Umesh Shahi (Student) @ Laptop Webcam sim=0.455
2026-09-17 22:43:13 | INFO    | Stakeholder gallery loaded: 64 identities
2026-09-17 22:43:17 | INFO    | VISIT | Umesh Shahi (Student) @ Laptop Webcam sim=0.455
2026-09-17 22:44:13 | INFO    | Stakeholder gallery loaded: 64 identities
2026-09-17 22:44:17 | INFO    | VISIT | Umesh Shahi (Student) @ Laptop Webcam sim=0.455
2026-09-17 22:45:13 | INFO    | Stakeholder gallery loaded: 64 identities
2026-09-17 22:45:17 | INFO    | VISIT | Umesh Shahi (Student) @ Laptop Webcam sim=0.455
2026-09-17 22:46:13 | INFO    | Stakeholder gallery loaded: 64 identities
2026-09-17 22:46:17 | INFO    | VISIT | Umesh Shahi (Student) @ Laptop Webcam sim=0.455
2026-09-17 22:47:13 | INFO    | Stakeholder gallery loaded: 64 identities
2026-09-17 22:47:17 | INFO    | VISIT | Umesh Shahi (Student) @ Laptop Webcam sim=0.455
2026-09-17 22:48:13 | INFO    | Stakeholder gallery loaded: 64 identities
2026-09-17 22:48:17 | INFO    | VISIT | Umesh Shahi (Student) @ Laptop Webcam sim=0.455
2026-09-17 22:49:13 | INFO    | Stakeholder gallery loaded: 64 identities
2026-09-17 22:49:17 | INFO    | VISIT | Umesh Shahi (Student) @ Laptop Webcam sim=0.455
2026-09-17 22:50:13 | INFO    | Stakeholder gallery loaded: 64 identities
2026-09-17 22:50:17 | INFO    | VISIT | Umesh Shahi (Student) @ Laptop Webcam sim=0.455
2026-09-17 22:51:13 | INFO    | Stakeholder gallery loaded: 64 identities
2026-09-17 22:51:17 | INFO    | VISIT | Umesh Shahi (Student) @ Laptop Webcam sim=0.455
2026-09-17 22:52:13 | INFO    | Stakeholder gallery loaded: 64 identities
2026-09-17 22:52:17 | INFO    | VISIT | Umesh Shahi (Student) @ Laptop Webcam sim=0.455
2026-09-17 22:53:14 | INFO    | Stakeholder gallery loaded: 64 identities
2026-09-17 22:53:17 | INFO    | VISIT | Umesh Shahi (Student) @ Laptop Webcam sim=0.455
2026-09-17 22:54:14 | INFO    | Stakeholder gallery loaded: 64 identities
2026-09-17 22:54:17 | INFO    | VISIT | Umesh Shahi (Student) @ Laptop Webcam sim=0.455
2026-09-17 22:55:14 | INFO    | Stakeholder gallery loaded: 64 identities
2026-09-17 22:55:17 | INFO    | VISIT | Umesh Shahi (Student) @ Laptop Webcam sim=0.455
2026-09-17 22:56:14 | INFO    | Stakeholder gallery loaded: 64 identities
2026-09-17 22:56:17 | INFO    | VISIT | Umesh Shahi (Student) @ Laptop Webcam sim=0.455
2026-09-17 22:57:14 | INFO    | Stakeholder gallery loaded: 64 identities
2026-09-17 22:57:17 | INFO    | VISIT | Umesh Shahi (Student) @ Laptop Webcam sim=0.455
2026-09-17 22:58:14 | INFO    | Stakeholder gallery loaded: 64 identities
2026-09-17 22:58:17 | INFO    | VISIT | Umesh Shahi (Student) @ Laptop Webcam sim=0.455
2026-09-17 22:59:14 | INFO    | Stakeholder gallery loaded: 64 identities
2026-09-17 22:59:17 | INFO    | VISIT | Umesh Shahi (Student) @ Laptop Webcam sim=0.455
2026-09-17 23:00:14 | INFO    | Stakeholder gallery loaded: 64 identities
2026-09-17 23:00:17 | INFO    | VISIT | Umesh Shahi (Student) @ Laptop Webcam sim=0.455
2026-09-17 23:01:14 | INFO    | Stakeholder gallery loaded: 64 identities
2026-09-17 23:01:17 | INFO    | VISIT | Umesh Shahi (Student) @ Laptop Webcam sim=0.455
2026-09-17 23:02:14 | INFO    | Stakeholder gallery loaded: 64 identities
2026-09-17 23:02:17 | INFO    | VISIT | Umesh Shahi (Student) @ Laptop Webcam sim=0.455
2026-09-17 23:03:04 | INFO    | Surveillance interrupted.
2026-09-17 23:03:04 | INFO    | ================================================
2026-09-17 23:03:04 | INFO    | Surveillance stopped.
2026-09-17 23:03:04 | INFO    | Camera frames: 67670
2026-09-17 23:03:04 | INFO    | AI frames: 33834
2026-09-17 23:03:04 | INFO    | ================================================
2026-09-24 11:28:58 | INFO    | Initializing YOLO...
2026-09-24 11:28:58 | INFO    | Loading YOLOv8 model: yolov8n.pt
2026-09-24 11:28:58 | INFO    | YOLO device: mps
2026-09-24 11:28:58 | INFO    | Initializing InsightFace...
2026-09-24 11:28:58 | INFO    | Loading InsightFace model pack: buffalo_s
2026-09-24 11:28:58 | INFO    | InsightFace providers: ['CoreMLExecutionProvider', 'CPUExecutionProvider']
2026-09-24 11:29:03 | INFO    | InsightFace model initialized successfully.
2026-09-24 11:29:03 | INFO    | Stakeholder gallery loaded: 64 identities
2026-09-24 11:29:03 | INFO    | Trying webcam index 0...
2026-09-24 11:29:05 | INFO    | Webcam 0 opened: 1280x720
2026-09-24 11:29:05 | INFO    | ================================================
2026-09-24 11:29:05 | INFO    | Surveillance started
2026-09-24 11:29:05 | INFO    | Source: 0
2026-09-24 11:29:05 | INFO    | Location: MBUST Lab
2026-09-24 11:29:05 | INFO    | AI device: mps
2026-09-24 11:29:05 | INFO    | Frame processing interval: every 2 frame(s)
2026-09-24 11:29:05 | INFO    | Live frame output: 12.0 FPS
2026-09-24 11:29:05 | INFO    | ================================================
2026-09-24 11:29:09 | INFO    | VISIT | Dilli Ram Chaudhary (Student) @ MBUST Lab sim=0.722
2026-09-24 11:30:03 | INFO    | Stakeholder gallery loaded: 64 identities
2026-09-24 11:30:09 | INFO    | VISIT | Dilli Ram Chaudhary (Student) @ MBUST Lab sim=0.759
2026-09-24 11:31:03 | INFO    | Stakeholder gallery loaded: 64 identities
2026-09-24 11:31:09 | INFO    | VISIT | Dilli Ram Chaudhary (Student) @ MBUST Lab sim=0.748
2026-09-24 11:31:58 | INFO    | Surveillance interrupted.
2026-09-24 11:31:58 | INFO    | ================================================
2026-09-24 11:31:58 | INFO    | Surveillance stopped.
2026-09-24 11:31:58 | INFO    | Camera frames: 4250
2026-09-24 11:31:58 | INFO    | AI frames: 2124
2026-09-24 11:31:58 | INFO    | ================================================
2026-09-24 11:39:53 | INFO    | Initializing YOLO...
2026-09-24 11:39:53 | INFO    | Loading YOLOv8 model: yolov8n.pt
2026-09-24 11:39:53 | INFO    | YOLO device: mps
2026-09-24 11:39:53 | INFO    | Initializing InsightFace...
2026-09-24 11:39:53 | INFO    | Loading InsightFace model pack: buffalo_s
2026-09-24 11:39:53 | INFO    | InsightFace providers: ['CoreMLExecutionProvider', 'CPUExecutionProvider']
2026-09-24 11:39:57 | INFO    | InsightFace model initialized successfully.
2026-09-24 11:39:57 | INFO    | Stakeholder gallery loaded: 64 identities
2026-09-24 11:39:57 | INFO    | Trying webcam index 0...
2026-09-24 11:39:59 | INFO    | Webcam 0 opened: 1280x720
2026-09-24 11:39:59 | INFO    | ================================================
2026-09-24 11:39:59 | INFO    | Surveillance started
2026-09-24 11:39:59 | INFO    | Source: 0
2026-09-24 11:39:59 | INFO    | Location: MBUST Lab
2026-09-24 11:39:59 | INFO    | AI device: mps
2026-09-24 11:39:59 | INFO    | Frame processing interval: every 2 frame(s)
2026-09-24 11:39:59 | INFO    | Live frame output: 12.0 FPS
2026-09-24 11:39:59 | INFO    | ================================================
2026-09-24 11:40:02 | INFO    | VISIT | Dilli Ram Chaudhary (Student) @ MBUST Lab sim=0.744
2026-09-24 11:40:57 | INFO    | Stakeholder gallery loaded: 64 identities
2026-09-24 11:41:02 | INFO    | VISIT | Dilli Ram Chaudhary (Student) @ MBUST Lab sim=0.627
2026-09-24 11:41:11 | INFO    | Quit requested.
2026-09-24 11:41:12 | INFO    | ================================================
2026-09-24 11:41:12 | INFO    | Surveillance stopped.
2026-09-24 11:41:12 | INFO    | Camera frames: 1644
2026-09-24 11:41:12 | INFO    | AI frames: 822
2026-09-24 11:41:12 | INFO    | ================================================
2026-09-24 11:43:02 | INFO    | Initializing YOLO...
2026-09-24 11:43:02 | INFO    | Loading YOLOv8 model: yolov8n.pt
2026-09-24 11:43:02 | INFO    | YOLO device: mps
2026-09-24 11:43:02 | INFO    | Initializing InsightFace...
2026-09-24 11:43:02 | INFO    | Loading InsightFace model pack: buffalo_s
2026-09-24 11:43:02 | INFO    | InsightFace providers: ['CoreMLExecutionProvider', 'CPUExecutionProvider']
2026-09-24 11:43:06 | INFO    | InsightFace model initialized successfully.
2026-09-24 11:43:06 | INFO    | Stakeholder gallery loaded: 64 identities
2026-09-24 11:43:06 | INFO    | Trying webcam index 0...
2026-09-24 11:43:08 | INFO    | Webcam 0 opened: 1280x720
2026-09-24 11:43:08 | INFO    | ================================================
2026-09-24 11:43:08 | INFO    | Surveillance started
2026-09-24 11:43:08 | INFO    | Source: 0
2026-09-24 11:43:08 | INFO    | Location: MBUST Lab
2026-09-24 11:43:08 | INFO    | AI device: mps
2026-09-24 11:43:08 | INFO    | Frame processing interval: every 2 frame(s)
2026-09-24 11:43:08 | INFO    | Live frame output: 12.0 FPS
2026-09-24 11:43:08 | INFO    | ================================================
2026-09-24 11:43:11 | INFO    | VISIT | Dilli Ram Chaudhary (Student) @ MBUST Lab sim=0.616
2026-09-24 11:43:17 | INFO    | Quit requested.
2026-09-24 11:43:17 | INFO    | ================================================
2026-09-24 11:43:17 | INFO    | Surveillance stopped.
2026-09-24 11:43:17 | INFO    | Camera frames: 164
2026-09-24 11:43:17 | INFO    | AI frames: 82
2026-09-24 11:43:17 | INFO    | ================================================
2026-10-08 19:51:35 | INFO    | Loading YOLOv8 model: yolov8n.pt
2026-10-08 19:51:35 | INFO    | YOLO device: mps
2026-10-08 19:51:35 | INFO    | Loading InsightFace model pack: buffalo_s
2026-10-08 19:51:35 | INFO    | InsightFace providers: ['CoreMLExecutionProvider', 'CPUExecutionProvider']
2026-10-08 19:51:40 | INFO    | InsightFace model initialized successfully.
2026-10-08 19:51:40 | INFO    | Attempting to open webcam index 0...
2026-10-08 19:51:40 | INFO    | Attempting to open webcam index 1...
2026-10-08 19:51:40 | INFO    | Attempting to open webcam index 2...
2026-10-08 19:51:40 | INFO    | Attempting to open webcam index 3...
